BL51 BANKED LINKER/LOCATER V6.22.4.0                                                    08/24/2025  23:25:32  PAGE 1


BL51 BANKED LINKER/LOCATER V6.22.4.0, INVOKED BY:
D:\APP\KEIL\MDK\C51\BIN\BL51.EXE ..\Output\main.obj, ..\Output\STARTUP_M5.obj, ..\Output\tim.obj, ..\Output\uart.obj, ..
>> \Output\gpio.obj, ..\Output\communication.obj, ..\Output\sys.obj, ..\Output\modbus.obj TO ..\Output\OS_Test PRINT (.\
>> Listings\OS_Test.m51) RAMSIZE (256) XDATA (0X8000-0XFFFF)


MEMORY MODEL: LARGE


INPUT MODULES INCLUDED:
  ..\Output\main.obj (MAIN)
  ..\Output\STARTUP_M5.obj (STARTUP_M5)
  ..\Output\tim.obj (TIM)
  ..\Output\uart.obj (UART)
  ..\Output\gpio.obj (GPIO)
  ..\Output\communication.obj (COMMUNICATION)
  ..\Output\sys.obj (SYS)
  ..\Output\modbus.obj (MODBUS)
  D:\APP\KEIL\MDK\C51\LIB\C51L.LIB (?C_STARTUP)
  D:\APP\KEIL\MDK\C51\LIB\C51L.LIB (?C_INIT)
  D:\APP\KEIL\MDK\C51\LIB\C51L.LIB (?C?COPY)
  D:\APP\KEIL\MDK\C51\LIB\C51L.LIB (?C?CLDPTR)
  D:\APP\KEIL\MDK\C51\LIB\C51L.LIB (?C?CLDOPTR)
  D:\APP\KEIL\MDK\C51\LIB\C51L.LIB (?C?CSTPTR)
  D:\APP\KEIL\MDK\C51\LIB\C51L.LIB (?C?CSTOPTR)
  D:\APP\KEIL\MDK\C51\LIB\C51L.LIB (?C?ILDIX)
  D:\APP\KEIL\MDK\C51\LIB\C51L.LIB (?C?ILDPTR)
  D:\APP\KEIL\MDK\C51\LIB\C51L.LIB (?C?ULDIV)
  D:\APP\KEIL\MDK\C51\LIB\C51L.LIB (?C?ULSHR)
  D:\APP\KEIL\MDK\C51\LIB\C51L.LIB (?C?LSTXDATA)


LINK MAP OF MODULE:  ..\Output\OS_Test (MAIN)


            TYPE    BASE      LENGTH    RELOCATION   SEGMENT NAME
            -----------------------------------------------------

            * * * * * * *   D A T A   M E M O R Y   * * * * * * *
            REG     0000H     0008H     ABSOLUTE     "REG BANK 0"
            DATA    0008H     0004H     UNIT         ?DT?_DELAY_US?SYS
            DATA    000CH     0004H     UNIT         _DATA_GROUP_
            DATA    0010H     0002H     UNIT         ?DT?SYS
                    0012H     000EH                  *** GAP ***
            BIT     0020H.0   0000H.5   UNIT         ?BI?UART
            BIT     0020H.5   0000H.3   UNIT         _BIT_GROUP_
            IDATA   0021H     0001H     UNIT         ?STACK

            * * * * * * *  X D A T A   M E M O R Y  * * * * * * *
                    0000H     8000H                  *** GAP ***
            XDATA   8000H     0804H     UNIT         ?XD?UART
            XDATA   8804H     020EH     UNIT         ?XD?COMMUNICATION
            XDATA   8A12H     011AH     UNIT         _XDATA_GROUP_
            XDATA   8B2CH     0007H     UNIT         ?XD?_SYS_WRITE_VP?SYS
            XDATA   8B33H     0004H     UNIT         ?XD?_UART4_INIT?UART

            * * * * * * *   C O D E   M E M O R Y   * * * * * * *
            CODE    0000H     0003H     ABSOLUTE     
BL51 BANKED LINKER/LOCATER V6.22.4.0                                                  08/24/2025  23:25:32  PAGE 2


            CODE    0003H     0007H     UNIT         ?PR?GPIO_INIT?GPIO
                    000AH     0001H                  *** GAP ***
            CODE    000BH     0003H     ABSOLUTE     
            CODE    000EH     0006H     UNIT         ?PR?SYS_INIT?SYS
                    0014H     0007H                  *** GAP ***
            CODE    001BH     0003H     ABSOLUTE     
                    001EH     0005H                  *** GAP ***
            CODE    0023H     0003H     ABSOLUTE     
                    0026H     0005H                  *** GAP ***
            CODE    002BH     0003H     ABSOLUTE     
            CODE    002EH     001EH     UNIT         ?PR?MODBUS_FUN6?MODBUS
                    004CH     0007H                  *** GAP ***
            CODE    0053H     0003H     ABSOLUTE     
                    0056H     0005H                  *** GAP ***
            CODE    005BH     0003H     ABSOLUTE     
            CODE    005EH     008CH     UNIT         ?C_C51STARTUP
                    00EAH     000EH                  *** GAP ***
            CODE    00F8H     000BH     ABSOLUTE     
            CODE    0103H     029EH     UNIT         ?C?LIB_CODE
            CODE    03A1H     01DEH     UNIT         ?PR?_WRITE_DGUSII_VP_BYCHAR?SYS
            CODE    057FH     0166H     UNIT         ?PR?_DEAL_UART_DATA?UART
            CODE    06E5H     012CH     UNIT         ?PR?_SYS_WRITE_VP?SYS
            CODE    0811H     0105H     UNIT         ?CO?UART
            CODE    0916H     00FDH     UNIT         ?PR?_DEAL_83_CMD?UART
            CODE    0A13H     00E4H     UNIT         ?PR?_SYS_READ_VP?SYS
            CODE    0AF7H     00DFH     UNIT         ?PR?_DEAL_82_CMD?UART
            CODE    0BD6H     00B9H     UNIT         ?PR?UART2_RXTX_ISR?COMMUNICATION
            CODE    0C8FH     006DH     UNIT         ?PR?TIM1_ISR?COMMUNICATION
            CODE    0CFCH     006AH     UNIT         ?PR?_MODBUS_CRC16?MODBUS
            CODE    0D66H     0068H     UNIT         ?PR?_UART2_INIT?UART
            CODE    0DCEH     005FH     UNIT         ?PR?_UART4_INIT?UART
            CODE    0E2DH     0058H     UNIT         ?PR?MODBUS_EVENT_UART4?MODBUS
            CODE    0E85H     0056H     UNIT         ?PR?MODBUS_EVENT_UART2?MODBUS
            CODE    0EDBH     0052H     UNIT         ?PR?_WRITE_DGUS?SYS
            CODE    0F2DH     0049H     UNIT         ?PR?UART4_RX_ISR?COMMUNICATION
            CODE    0F76H     0045H     UNIT         ?PR?UART4_TX_ISR?COMMUNICATION
            CODE    0FBBH     0044H     UNIT         ?PR?_READ_DGUS?SYS
            CODE    0FFFH     0037H     UNIT         ?PR?UART_FRAME_DEAL?UART
            CODE    1036H     002EH     UNIT         ?PR?_DELAY_MS?SYS
            CODE    1064H     002CH     UNIT         ?PR?_DELAY_US?SYS
            CODE    1090H     002BH     UNIT         ?PR?MAIN?MAIN
            CODE    10BBH     0029H     UNIT         ?PR?SYS_CPU_INIT?SYS
            CODE    10E4H     001DH     UNIT         ?PR?TIM0_ISR?TIM
            CODE    1101H     001CH     UNIT         ?C_INITSEG
            CODE    111DH     0017H     UNIT         ?PR?UART2_SEND_STATU_INIT?COMMUNICATION
            CODE    1134H     0017H     UNIT         ?PR?UART4_SEND_STATU_INIT?COMMUNICATION
            CODE    114BH     0016H     UNIT         ?PR?SYS_TIMER2_INIT?SYS
            CODE    1161H     0012H     UNIT         ?PR?SYS_TIMER2_ISR?SYS
            CODE    1173H     0010H     UNIT         ?PR?TIM0_INIT?TIM
            CODE    1183H     0010H     UNIT         ?PR?TIM1_INIT?TIM
            CODE    1193H     0010H     UNIT         ?PR?_UART_SEND_BYTE?UART



OVERLAY MAP OF MODULE:   ..\Output\OS_Test (MAIN)


BL51 BANKED LINKER/LOCATER V6.22.4.0                                                  08/24/2025  23:25:32  PAGE 3


SEGMENT                                            BIT_GROUP          DATA_GROUP          XDATA_GROUP
  +--> CALLED SEGMENT                           START    LENGTH     START    LENGTH     START    LENGTH
-------------------------------------------------------------------------------------------------------
?C_C51STARTUP                                   -----    -----      -----    -----      -----    -----
  +--> ?PR?MAIN?MAIN
  +--> ?C_INITSEG

?PR?MAIN?MAIN                                   -----    -----      -----    -----      -----    -----
  +--> ?PR?SYS_INIT?SYS
  +--> ?PR?GPIO_INIT?GPIO
  +--> ?PR?_UART2_INIT?UART
  +--> ?PR?UART2_SEND_STATU_INIT?COMMUNICATION
  +--> ?PR?TIM0_INIT?TIM
  +--> ?PR?TIM1_INIT?TIM
  +--> ?PR?_DELAY_MS?SYS
  +--> ?PR?UART_FRAME_DEAL?UART
  +--> ?PR?MODBUS_EVENT_UART2?MODBUS

?PR?SYS_INIT?SYS                                -----    -----      -----    -----      -----    -----
  +--> ?PR?SYS_CPU_INIT?SYS
  +--> ?PR?SYS_TIMER2_INIT?SYS

?PR?_UART2_INIT?UART                            -----    -----      -----    -----      8A12H    0004H

?PR?_DELAY_MS?SYS                               -----    -----      000CH    0004H      -----    -----

?PR?UART_FRAME_DEAL?UART                        -----    -----      -----    -----      -----    -----
  +--> ?PR?_DEAL_UART_DATA?UART

?PR?_DEAL_UART_DATA?UART                        0020H.5  0000H.3    -----    -----      8A12H    0108H
  +--> ?PR?_DEAL_82_CMD?UART
  +--> ?CO?UART
  +--> ?PR?_DEAL_83_CMD?UART

?PR?_DEAL_82_CMD?UART                           -----    -----      -----    -----      8B1AH    000BH
  +--> ?PR?_WRITE_DGUS?SYS
  +--> ?PR?_WRITE_DGUSII_VP_BYCHAR?SYS
  +--> ?CO?UART
  +--> ?PR?_UART_SEND_BYTE?UART

?PR?_WRITE_DGUSII_VP_BYCHAR?SYS                 -----    -----      -----    -----      8B25H    0007H

?PR?_DEAL_83_CMD?UART                           -----    -----      -----    -----      8B1AH    0008H
  +--> ?PR?_SYS_READ_VP?SYS
  +--> ?PR?_UART_SEND_BYTE?UART

?PR?_SYS_READ_VP?SYS                            -----    -----      -----    -----      8B22H    0007H

?PR?MODBUS_EVENT_UART2?MODBUS                   -----    -----      -----    -----      -----    -----
  +--> ?PR?_MODBUS_CRC16?MODBUS
  +--> ?PR?MODBUS_FUN6?MODBUS

?PR?_MODBUS_CRC16?MODBUS                        -----    -----      -----    -----      8A12H    0003H



SYMBOL TABLE OF MODULE:  ..\Output\OS_Test (MAIN)
BL51 BANKED LINKER/LOCATER V6.22.4.0                                                  08/24/2025  23:25:32  PAGE 4



  VALUE           TYPE          NAME
  ----------------------------------

  -------         MODULE        MAIN
  C:0000H         SYMBOL        _ICE_DUMMY_
  D:0080H         PUBLIC        P0
  D:0090H         PUBLIC        P1
  D:00F8H         PUBLIC        RAMMODE
  D:00A8H         PUBLIC        IEN0
  D:00B8H         PUBLIC        IEN1
  C:1090H         PUBLIC        main
  D:0088H         PUBLIC        TCON
  B:0090H.7       PUBLIC        LED
  D:0098H         PUBLIC        SCON0
  D:00C8H         PUBLIC        T2CON
  D:00D0H         PUBLIC        PSW
  D:00C0H         PUBLIC        IRCON
  -------         PROC          MAIN
  C:1090H         LINE#         3
  C:1090H         LINE#         4
  C:1090H         LINE#         5
  C:1093H         LINE#         6
  C:1096H         LINE#         8
  C:10A1H         LINE#         9
  C:10A4H         LINE#         14
  C:10A7H         LINE#         15
  C:10AAH         LINE#         16
  C:10B1H         LINE#         17
  C:10B3H         LINE#         19
  C:10B3H         LINE#         20
  C:10B3H         LINE#         21
  C:10B6H         LINE#         22
  C:10B9H         LINE#         23
  -------         ENDPROC       MAIN
  -------         ENDMOD        MAIN

  -------         MODULE        STARTUP_M5
  C:0100H         LINE#         29
  -------         ENDMOD        STARTUP_M5

  -------         MODULE        TIM
  C:0000H         SYMBOL        _ICE_DUMMY_
  D:0080H         PUBLIC        P0
  D:0090H         PUBLIC        P1
  B:00A8H.7       PUBLIC        EA
  D:00F8H         PUBLIC        RAMMODE
  D:00A8H         PUBLIC        IEN0
  D:00B8H         PUBLIC        IEN1
  D:0089H         PUBLIC        TMOD
  D:0088H         PUBLIC        TCON
  B:00A8H.1       PUBLIC        ET0
  B:00A8H.3       PUBLIC        ET1
  D:008CH         PUBLIC        TH0
  D:008DH         PUBLIC        TH1
  D:008AH         PUBLIC        TL0
  D:008BH         PUBLIC        TL1
BL51 BANKED LINKER/LOCATER V6.22.4.0                                                  08/24/2025  23:25:32  PAGE 5


  C:1173H         PUBLIC        Tim0_Init
  C:1183H         PUBLIC        Tim1_Init
  B:0088H.4       PUBLIC        TR0
  B:0088H.6       PUBLIC        TR1
  D:0098H         PUBLIC        SCON0
  D:00C8H         PUBLIC        T2CON
  C:10E4H         PUBLIC        Tim0_Isr
  D:00D0H         PUBLIC        PSW
  D:00C0H         PUBLIC        IRCON
  -------         PROC          TIM0_INIT
  C:1173H         LINE#         4
  C:1173H         LINE#         5
  C:1173H         LINE#         6
  C:1176H         LINE#         7
  C:1176H         LINE#         9
  C:1179H         LINE#         10
  C:117CH         LINE#         12
  C:117EH         LINE#         13
  C:1180H         LINE#         14
  C:1182H         LINE#         16
  -------         ENDPROC       TIM0_INIT
  -------         PROC          TIM1_INIT
  C:1183H         LINE#         18
  C:1183H         LINE#         19
  C:1183H         LINE#         20
  C:1186H         LINE#         21
  C:1186H         LINE#         23
  C:1189H         LINE#         24
  C:118CH         LINE#         26
  C:118EH         LINE#         27
  C:1190H         LINE#         28
  C:1192H         LINE#         30
  -------         ENDPROC       TIM1_INIT
  -------         PROC          TIM0_ISR
  C:10E4H         LINE#         32
  C:10ECH         LINE#         34
  C:10F5H         LINE#         35
  C:10F5H         LINE#         36
  C:10F8H         LINE#         37
  C:10F8H         LINE#         38
  -------         ENDPROC       TIM0_ISR
  -------         ENDMOD        TIM

  -------         MODULE        UART
  C:0000H         SYMBOL        _ICE_DUMMY_
  D:0080H         PUBLIC        P0
  D:0090H         PUBLIC        P1
  B:0020H.0       PUBLIC        Auto_data_upload
  B:0020H.1       PUBLIC        Crc_check_flog
  B:00A8H.7       PUBLIC        EA
  D:00F8H         PUBLIC        RAMMODE
  D:00B7H         PUBLIC        P0MDOUT
  D:00A8H         PUBLIC        IEN0
  D:00B8H         PUBLIC        IEN1
  B:00B8H.3       PUBLIC        ES2R
  B:00B8H.2       PUBLIC        ES2T
  C:0FFFH         PUBLIC        uart_frame_deal
BL51 BANKED LINKER/LOCATER V6.22.4.0                                                  08/24/2025  23:25:32  PAGE 6


  D:00BAH         PUBLIC        SREL0H
  D:0087H         PUBLIC        PCON
  C:057FH         PUBLIC        _deal_uart_data
  D:00AAH         PUBLIC        SREL0L
  X:8000H         PUBLIC        T_O2
  D:0088H         PUBLIC        TCON
  D:0097H         PUBLIC        SCON2R
  D:00D9H         PUBLIC        BODE2_DIV_H
  D:0096H         PUBLIC        SCON2T
  D:00E7H         PUBLIC        BODE2_DIV_L
  D:00C9H         PUBLIC        MUX_SEL
  C:0811H         SYMBOL        _?ix1000
  C:0910H         SYMBOL        _?ix1001
  C:0D66H         PUBLIC        _Uart2_Init
  B:00A8H.4       PUBLIC        ES0
  C:0DCEH         PUBLIC        _Uart4_Init
  B:0020H.2       PUBLIC        Busy2
  X:8001H         PUBLIC        R_u2
  B:0020H.3       PUBLIC        download_flag
  B:0020H.4       PUBLIC        Response_flog
  D:0099H         PUBLIC        SBUF0
  C:1193H         PUBLIC        _uart_send_byte
  D:0098H         PUBLIC        SCON0
  D:00D8H         PUBLIC        ADCON
  D:00C8H         PUBLIC        T2CON
  X:8801H         PUBLIC        R_CN2
  X:8803H         PUBLIC        R_OD2
  C:0AF7H         PUBLIC        _deal_82_cmd
  C:0916H         PUBLIC        _deal_83_cmd
  D:00D0H         PUBLIC        PSW
  D:00C0H         PUBLIC        IRCON
  -------         PROC          _UART2_INIT
  X:8A12H         SYMBOL        baud
  C:0D66H         LINE#         14
  C:0D6CH         LINE#         15
  C:0D6CH         LINE#         16
  C:0D6FH         LINE#         18
  C:0D72H         LINE#         19
  C:0D75H         LINE#         21
  C:0D78H         LINE#         22
  C:0D7BH         LINE#         23
  C:0D7EH         LINE#         25
  C:0DABH         LINE#         27
  C:0DC0H         LINE#         28
  C:0DC9H         LINE#         30
  C:0DCBH         LINE#         31
  C:0DCDH         LINE#         32
  -------         ENDPROC       _UART2_INIT
  -------         PROC          _UART4_INIT
  X:8B33H         SYMBOL        baud
  C:0DCEH         LINE#         34
  C:0DD4H         LINE#         35
  C:0DD4H         LINE#         36
  C:0DD7H         LINE#         37
  C:0DDAH         LINE#         38
  C:0DDCH         LINE#         39
  C:0DDEH         LINE#         41
BL51 BANKED LINKER/LOCATER V6.22.4.0                                                  08/24/2025  23:25:32  PAGE 7


  C:0E0BH         LINE#         43
  C:0E20H         LINE#         44
  C:0E29H         LINE#         46
  C:0E2CH         LINE#         48
  -------         ENDPROC       _UART4_INIT
  -------         PROC          UART_FRAME_DEAL
  C:0FFFH         LINE#         50
  C:0FFFH         LINE#         51
  C:0FFFH         LINE#         53
  C:100CH         LINE#         54
  C:100CH         LINE#         55
  C:1010H         LINE#         56
  C:102EH         LINE#         57
  C:1035H         LINE#         58
  C:1035H         LINE#         59
  -------         ENDPROC       UART_FRAME_DEAL
  -------         PROC          _DEAL_UART_DATA
  X:8A12H         SYMBOL        Arr_rece
  X:8A15H         SYMBOL        Data_len
  X:8A18H         SYMBOL        Uart_num
  B:0020H.5       SYMBOL        Response
  B:0020H.6       SYMBOL        Crc_ck
  -------         DO            
  X:8A19H         SYMBOL        N
  B:0020H.7       SYMBOL        Flog
  -------         DO            
  X:8A1BH         SYMBOL        Val
  -------         ENDDO         
  -------         ENDDO         
  C:057FH         LINE#         61
  C:058AH         LINE#         62
  C:058AH         LINE#         63
  C:0591H         LINE#         64
  C:0593H         LINE#         66
  C:0599H         LINE#         67
  C:0599H         LINE#         68
  C:05C9H         LINE#         69
  C:05C9H         LINE#         70
  C:05E1H         LINE#         71
  C:05E1H         LINE#         72
  C:05E5H         LINE#         73
  C:05E9H         LINE#         74
  C:05FFH         LINE#         75
  C:05FFH         LINE#         76
  C:0601H         LINE#         77
  C:0624H         LINE#         78
  C:0624H         LINE#         79
  C:0636H         LINE#         80
  C:063AH         LINE#         81
  C:066CH         LINE#         82
  C:069DH         LINE#         83
  C:069FH         LINE#         84
  C:069FH         LINE#         85
  C:06ADH         LINE#         86
  C:06ADH         LINE#         87
  C:06ADH         LINE#         88
  C:06D0H         LINE#         89
BL51 BANKED LINKER/LOCATER V6.22.4.0                                                  08/24/2025  23:25:32  PAGE 8


  C:06D0H         LINE#         90
  C:06DCH         LINE#         91
  C:06DFH         LINE#         93
  C:06DFH         LINE#         94
  C:06E1H         LINE#         95
  C:06E1H         LINE#         96
  C:06E4H         LINE#         97
  -------         ENDPROC       _DEAL_UART_DATA
  -------         PROC          _DEAL_82_CMD
  X:8B1AH         SYMBOL        Uart
  X:8B1BH         SYMBOL        arr
  -------         DO            
  X:8B1EH         SYMBOL        i
  -------         DO            
  X:8B1FH         SYMBOL        Temp_arr
  -------         ENDDO         
  -------         ENDDO         
  C:0AF7H         LINE#         99
  C:0B05H         LINE#         100
  C:0B05H         LINE#         101
  C:0B08H         LINE#         102
  C:0B0EH         LINE#         103
  C:0B0EH         LINE#         104
  C:0B2AH         LINE#         105
  C:0B2AH         LINE#         106
  C:0B35H         LINE#         107
  C:0B40H         LINE#         108
  C:0B42H         LINE#         109
  C:0B42H         LINE#         110
  C:0B94H         LINE#         111
  C:0B94H         LINE#         113
  C:0B97H         LINE#         114
  C:0B97H         LINE#         115
  C:0BAAH         LINE#         117
  C:0BB9H         LINE#         118
  C:0BB9H         LINE#         119
  C:0BCDH         LINE#         120
  C:0BD5H         LINE#         121
  C:0BD5H         LINE#         122
  C:0BD5H         LINE#         123
  -------         ENDPROC       _DEAL_82_CMD
  -------         PROC          _DEAL_83_CMD
  X:8B1AH         SYMBOL        Uart
  X:8B1BH         SYMBOL        arr
  X:8B1EH         SYMBOL        arr1
  -------         DO            
  X:8B21H         SYMBOL        i
  -------         ENDDO         
  C:0916H         LINE#         126
  C:0924H         LINE#         127
  C:0924H         LINE#         128
  C:0929H         LINE#         129
  C:092FH         LINE#         130
  C:092FH         LINE#         131
  C:0930H         LINE#         132
  C:0930H         LINE#         133
  C:095BH         LINE#         134
BL51 BANKED LINKER/LOCATER V6.22.4.0                                                  08/24/2025  23:25:32  PAGE 9


  C:0965H         LINE#         136
  C:09AFH         LINE#         137
  C:09CAH         LINE#         139
  C:09F5H         LINE#         140
  C:09F5H         LINE#         141
  C:0A0AH         LINE#         142
  C:0A12H         LINE#         143
  C:0A12H         LINE#         144
  -------         ENDPROC       _DEAL_83_CMD
  -------         PROC          _UART_SEND_BYTE
  D:0007H         SYMBOL        Uart_number
  D:0005H         SYMBOL        Dat
  C:1193H         LINE#         146
  C:1193H         LINE#         147
  C:1193H         LINE#         148
  C:1195H         LINE#         149
  C:1199H         LINE#         150
  C:1199H         LINE#         151
  C:119CH         LINE#         152
  C:119EH         LINE#         153
  C:11A2H         LINE#         154
  C:11A2H         LINE#         155
  -------         ENDPROC       _UART_SEND_BYTE
  -------         ENDMOD        UART

  -------         MODULE        GPIO
  C:0000H         SYMBOL        _ICE_DUMMY_
  D:0080H         PUBLIC        P0
  D:0090H         PUBLIC        P1
  D:00F8H         PUBLIC        RAMMODE
  D:00B7H         PUBLIC        P0MDOUT
  D:00BCH         PUBLIC        P1MDOUT
  D:00A8H         PUBLIC        IEN0
  D:00B8H         PUBLIC        IEN1
  C:0003H         PUBLIC        GPIO_Init
  D:0088H         PUBLIC        TCON
  D:0098H         PUBLIC        SCON0
  D:00C8H         PUBLIC        T2CON
  D:00D0H         PUBLIC        PSW
  D:00C0H         PUBLIC        IRCON
  -------         PROC          GPIO_INIT
  C:0003H         LINE#         3
  C:0003H         LINE#         4
  C:0003H         LINE#         5
  C:0006H         LINE#         6
  C:0009H         LINE#         7
  -------         ENDPROC       GPIO_INIT
  -------         ENDMOD        GPIO

  -------         MODULE        COMMUNICATION
  C:0000H         SYMBOL        _ICE_DUMMY_
  D:0080H         PUBLIC        P0
  D:0090H         PUBLIC        P1
  D:00F8H         PUBLIC        RAMMODE
  D:00A8H         PUBLIC        IEN0
  D:00B8H         PUBLIC        IEN1
  C:0BD6H         PUBLIC        Uart2_RXTX_Isr
BL51 BANKED LINKER/LOCATER V6.22.4.0                                                  08/24/2025  23:25:32  PAGE 10


  X:8804H         PUBLIC        rs485_2
  X:890BH         PUBLIC        rs485_4
  C:111DH         PUBLIC        Uart2_Send_Statu_Init
  C:1134H         PUBLIC        Uart4_Send_Statu_Init
  D:0088H         PUBLIC        TCON
  D:0097H         PUBLIC        SCON2R
  D:0096H         PUBLIC        SCON2T
  B:0098H.0       PUBLIC        RI0
  B:0098H.1       PUBLIC        TI0
  B:0090H.7       PUBLIC        LED
  D:0099H         PUBLIC        SBUF0
  D:0098H         PUBLIC        SCON0
  D:00C8H         PUBLIC        T2CON
  C:0C8FH         PUBLIC        Tim1_Isr
  C:0F2DH         PUBLIC        Uart4_RX_Isr
  D:009FH         PUBLIC        SBUF2_RX
  C:0F76H         PUBLIC        Uart4_TX_Isr
  D:009EH         PUBLIC        SBUF2_TX
  D:00D0H         PUBLIC        PSW
  D:00C0H         PUBLIC        IRCON
  -------         PROC          UART2_SEND_STATU_INIT
  C:111DH         LINE#         13
  C:111DH         LINE#         14
  C:111DH         LINE#         15
  C:1122H         LINE#         16
  C:1126H         LINE#         17
  C:112AH         LINE#         18
  C:112BH         LINE#         19
  C:112DH         LINE#         20
  C:1131H         LINE#         21
  C:1133H         LINE#         23
  -------         ENDPROC       UART2_SEND_STATU_INIT
  -------         PROC          UART4_SEND_STATU_INIT
  C:1134H         LINE#         32
  C:1134H         LINE#         33
  C:1134H         LINE#         34
  C:1139H         LINE#         35
  C:113DH         LINE#         36
  C:1141H         LINE#         37
  C:1142H         LINE#         38
  C:1144H         LINE#         39
  C:1148H         LINE#         40
  C:114AH         LINE#         42
  -------         ENDPROC       UART4_SEND_STATU_INIT
  -------         PROC          UART2_RXTX_ISR
  C:0BD6H         LINE#         51
  C:0BE5H         LINE#         55
  C:0BE8H         LINE#         56
  C:0BE8H         LINE#         58
  C:0BEAH         LINE#         59
  C:0BECH         LINE#         61
  C:0BEFH         LINE#         62
  C:0BEFH         LINE#         63
  C:0BF5H         LINE#         64
  C:0BF5H         LINE#         65
  C:0C07H         LINE#         66
  C:0C0DH         LINE#         67
BL51 BANKED LINKER/LOCATER V6.22.4.0                                                  08/24/2025  23:25:32  PAGE 11


  C:0C0FH         LINE#         68
  C:0C0FH         LINE#         69
  C:0C14H         LINE#         71
  C:0C14H         LINE#         72
  C:0C14H         LINE#         73
  C:0C14H         LINE#         76
  C:0C17H         LINE#         77
  C:0C17H         LINE#         79
  C:0C19H         LINE#         80
  C:0C1BH         LINE#         82
  C:0C2FH         LINE#         83
  C:0C35H         LINE#         84
  C:0C3EH         LINE#         85
  C:0C3EH         LINE#         86
  C:0C4CH         LINE#         87
  C:0C4CH         LINE#         88
  C:0C52H         LINE#         91
  C:0C58H         LINE#         92
  C:0C58H         LINE#         94
  C:0C61H         LINE#         95
  C:0C61H         LINE#         96
  C:0C63H         LINE#         97
  C:0C63H         LINE#         100
  C:0C73H         LINE#         101
  C:0C79H         LINE#         102
  C:0C79H         LINE#         104
  C:0C82H         LINE#         107
  C:0C82H         LINE#         109
  -------         ENDPROC       UART2_RXTX_ISR
  -------         PROC          UART4_TX_ISR
  C:0F76H         LINE#         119
  C:0F83H         LINE#         122
  C:0F88H         LINE#         123
  C:0F88H         LINE#         125
  C:0F8BH         LINE#         127
  C:0F91H         LINE#         128
  C:0F91H         LINE#         129
  C:0FA3H         LINE#         130
  C:0FA9H         LINE#         131
  C:0FABH         LINE#         132
  C:0FABH         LINE#         133
  C:0FB0H         LINE#         135
  C:0FB0H         LINE#         136
  C:0FB0H         LINE#         137
  -------         ENDPROC       UART4_TX_ISR
  -------         PROC          UART4_RX_ISR
  C:0F2DH         LINE#         146
  C:0F35H         LINE#         149
  C:0F3AH         LINE#         150
  C:0F3AH         LINE#         152
  C:0F3DH         LINE#         155
  C:0F43H         LINE#         156
  C:0F43H         LINE#         158
  C:0F4CH         LINE#         159
  C:0F4CH         LINE#         160
  C:0F4EH         LINE#         161
  C:0F4EH         LINE#         164
BL51 BANKED LINKER/LOCATER V6.22.4.0                                                  08/24/2025  23:25:32  PAGE 12


  C:0F5EH         LINE#         165
  C:0F64H         LINE#         166
  C:0F64H         LINE#         168
  C:0F6DH         LINE#         169
  C:0F6DH         LINE#         171
  -------         ENDPROC       UART4_RX_ISR
  -------         PROC          TIM1_ISR
  C:0C8FH         LINE#         173
  C:0C97H         LINE#         176
  C:0CA1H         LINE#         177
  C:0CA1H         LINE#         178
  C:0CAFH         LINE#         180
  C:0CB6H         LINE#         181
  C:0CB6H         LINE#         182
  C:0CBFH         LINE#         183
  C:0CBFH         LINE#         185
  C:0CC5H         LINE#         186
  C:0CC5H         LINE#         187
  C:0CC5H         LINE#         188
  C:0CC5H         LINE#         191
  C:0CCFH         LINE#         192
  C:0CCFH         LINE#         193
  C:0CDDH         LINE#         195
  C:0CE4H         LINE#         196
  C:0CE4H         LINE#         197
  C:0CEDH         LINE#         198
  C:0CEDH         LINE#         200
  C:0CF3H         LINE#         201
  C:0CF3H         LINE#         202
  C:0CF3H         LINE#         203
  C:0CF3H         LINE#         204
  -------         ENDPROC       TIM1_ISR
  -------         ENDMOD        COMMUNICATION

  -------         MODULE        SYS
  C:0000H         SYMBOL        _ICE_DUMMY_
  D:00F1H         PUBLIC        ADR_H
  D:0080H         PUBLIC        P0
  D:0090H         PUBLIC        P1
  C:0EDBH         PUBLIC        _Write_Dgus
  D:00F3H         PUBLIC        ADR_L
  D:0094H         PUBLIC        PAGESEL
  D:00F2H         PUBLIC        ADR_M
  B:00A8H.7       PUBLIC        EA
  D:00F8H         PUBLIC        RAMMODE
  D:00A8H         PUBLIC        IEN0
  D:00B8H         PUBLIC        IEN1
  D:009AH         PUBLIC        IEN2
  B:00F8H.4       PUBLIC        APP_ACK
  D:00F4H         PUBLIC        ADR_INC
  C:10BBH         PUBLIC        sys_cpu_init
  C:0A13H         PUBLIC        _sys_read_vp
  D:0095H         PUBLIC        D_PAGESEL
  C:114BH         PUBLIC        sys_timer2_init
  D:00F9H         PUBLIC        PORTDRV
  D:0088H         PUBLIC        TCON
  C:06E5H         PUBLIC        _sys_write_vp
BL51 BANKED LINKER/LOCATER V6.22.4.0                                                  08/24/2025  23:25:32  PAGE 13


  C:03A1H         PUBLIC        _Write_Dgusii_Vp_byChar
  D:00C9H         PUBLIC        MUX_SEL
  C:1161H         PUBLIC        sys_timer2_isr
  D:00A9H         PUBLIC        IP0
  D:00B9H         PUBLIC        IP1
  D:00FDH         PUBLIC        DATA0
  D:00FCH         PUBLIC        DATA1
  B:00C0H.6       PUBLIC        TF2
  D:00FBH         PUBLIC        DATA2
  D:0010H         SYMBOL        SysTick
  D:00FAH         PUBLIC        DATA3
  D:00CDH         PUBLIC        TH2
  D:00CCH         PUBLIC        TL2
  C:1036H         PUBLIC        _delay_ms
  B:00F8H.6       PUBLIC        APP_EN
  B:00D0H.3       PUBLIC        RS0
  B:00D0H.4       PUBLIC        RS1
  D:0093H         PUBLIC        DPC
  B:00C8H.0       PUBLIC        TR2
  C:1064H         PUBLIC        _delay_us
  D:0098H         PUBLIC        SCON0
  D:00C8H         PUBLIC        T2CON
  D:00CBH         PUBLIC        TRL2H
  D:008EH         PUBLIC        CKCON
  D:00CAH         PUBLIC        TRL2L
  C:0FBBH         PUBLIC        _Read_Dgus
  C:000EH         PUBLIC        sys_init
  D:00D0H         PUBLIC        PSW
  D:00C0H         PUBLIC        IRCON
  -------         PROC          SYS_CPU_INIT
  C:10BBH         LINE#         7
  C:10BBH         LINE#         8
  C:10BBH         LINE#         9
  C:10BDH         LINE#         10
  C:10BFH         LINE#         11
  C:10C1H         LINE#         13
  C:10C4H         LINE#         14
  C:10C7H         LINE#         15
  C:10C9H         LINE#         16
  C:10CCH         LINE#         17
  C:10CFH         LINE#         18
  C:10D1H         LINE#         19
  C:10D3H         LINE#         20
  C:10D6H         LINE#         21
  C:10D8H         LINE#         22
  C:10DAH         LINE#         23
  C:10DCH         LINE#         24
  C:10DEH         LINE#         25
  C:10E0H         LINE#         27
  C:10E3H         LINE#         28
  -------         ENDPROC       SYS_CPU_INIT
  -------         PROC          SYS_TIMER2_INIT
  C:114BH         LINE#         31
  C:114BH         LINE#         32
  C:114BH         LINE#         33
  C:114EH         LINE#         34
  C:1151H         LINE#         35
BL51 BANKED LINKER/LOCATER V6.22.4.0                                                  08/24/2025  23:25:32  PAGE 14


  C:1153H         LINE#         37
  C:1156H         LINE#         38
  C:1159H         LINE#         40
  C:115CH         LINE#         41
  C:115EH         LINE#         42
  C:1160H         LINE#         43
  -------         ENDPROC       SYS_TIMER2_INIT
  -------         PROC          SYS_INIT
  C:000EH         LINE#         46
  C:000EH         LINE#         47
  C:000EH         LINE#         48
  C:0011H         LINE#         49
  -------         ENDPROC       SYS_INIT
  -------         PROC          _DELAY_MS
  D:0006H         SYMBOL        ms
  -------         DO            
  D:000CH         SYMBOL        mi
  D:000EH         SYMBOL        mj
  -------         ENDDO         
  C:1036H         LINE#         70
  C:1036H         LINE#         71
  C:1036H         LINE#         73
  C:1044H         LINE#         74
  C:1063H         LINE#         75
  -------         ENDPROC       _DELAY_MS
  -------         PROC          _DELAY_US
  D:0006H         SYMBOL        us
  -------         DO            
  D:0008H         SYMBOL        ui
  D:000AH         SYMBOL        uj
  -------         ENDDO         
  C:1064H         LINE#         77
  C:1064H         LINE#         78
  C:1064H         LINE#         80
  C:1072H         LINE#         81
  C:108FH         LINE#         82
  -------         ENDPROC       _DELAY_US
  -------         PROC          _READ_DGUS
  D:0004H         SYMBOL        Dgus_Addr
  -------         DO            
  D:0002H         SYMBOL        R_Dgus
  -------         ENDDO         
  C:0FBBH         LINE#         84
  C:0FBFH         LINE#         85
  C:0FC2H         LINE#         87
  C:0FC4H         LINE#         88
  C:0FCBH         LINE#         89
  C:0FD2H         LINE#         90
  C:0FD5H         LINE#         91
  C:0FD8H         LINE#         92
  C:0FDAH         LINE#         93
  C:0FDDH         LINE#         94
  C:0FE9H         LINE#         95
  C:0FF7H         LINE#         96
  C:0FFAH         LINE#         98
  C:0FFEH         LINE#         99
  -------         ENDPROC       _READ_DGUS
BL51 BANKED LINKER/LOCATER V6.22.4.0                                                  08/24/2025  23:25:32  PAGE 15


  -------         PROC          _WRITE_DGUS
  D:0002H         SYMBOL        Dgus_Addr
  D:0004H         SYMBOL        Val
  C:0EDBH         LINE#         101
  C:0EDFH         LINE#         102
  C:0EDFH         LINE#         104
  C:0EE2H         LINE#         105
  C:0EE9H         LINE#         106
  C:0EF0H         LINE#         107
  C:0EF3H         LINE#         108
  C:0EF6H         LINE#         109
  C:0EF8H         LINE#         110
  C:0EFBH         LINE#         111
  C:0EFEH         LINE#         112
  C:0F05H         LINE#         113
  C:0F0CH         LINE#         114
  C:0F0FH         LINE#         115
  C:0F12H         LINE#         116
  C:0F1DH         LINE#         117
  C:0F24H         LINE#         118
  C:0F26H         LINE#         119
  C:0F29H         LINE#         120
  C:0F2CH         LINE#         122
  -------         ENDPROC       _WRITE_DGUS
  -------         PROC          _SYS_READ_VP
  D:0004H         SYMBOL        addr
  X:8B24H         SYMBOL        buf
  X:8B27H         SYMBOL        len
  -------         DO            
  D:0003H         SYMBOL        i
  -------         ENDDO         
  C:0A13H         LINE#         128
  C:0A22H         LINE#         129
  C:0A22H         LINE#         132
  C:0A26H         LINE#         133
  C:0A2DH         LINE#         134
  C:0A30H         LINE#         135
  C:0A33H         LINE#         136
  C:0A37H         LINE#         137
  C:0A3AH         LINE#         138
  C:0A3DH         LINE#         139
  C:0A40H         LINE#         140
  C:0A52H         LINE#         141
  C:0A52H         LINE#         142
  C:0A54H         LINE#         143
  C:0A57H         LINE#         144
  C:0A69H         LINE#         145
  C:0A69H         LINE#         146
  C:0A7EH         LINE#         147
  C:0A93H         LINE#         148
  C:0A95H         LINE#         149
  C:0AA3H         LINE#         150
  C:0AA3H         LINE#         151
  C:0AB6H         LINE#         152
  C:0AB6H         LINE#         153
  C:0ACBH         LINE#         154
  C:0AE0H         LINE#         155
BL51 BANKED LINKER/LOCATER V6.22.4.0                                                  08/24/2025  23:25:32  PAGE 16


  C:0AE2H         LINE#         156
  C:0AF0H         LINE#         157
  C:0AF0H         LINE#         158
  C:0AF3H         LINE#         159
  C:0AF6H         LINE#         160
  -------         ENDPROC       _SYS_READ_VP
  -------         PROC          _SYS_WRITE_VP
  D:0004H         SYMBOL        addr
  X:8B2EH         SYMBOL        buf
  X:8B31H         SYMBOL        len
  -------         DO            
  D:0003H         SYMBOL        i
  -------         ENDDO         
  C:06E5H         LINE#         166
  C:06F4H         LINE#         167
  C:06F4H         LINE#         170
  C:06F8H         LINE#         171
  C:06FFH         LINE#         172
  C:0702H         LINE#         173
  C:0705H         LINE#         174
  C:0709H         LINE#         175
  C:070CH         LINE#         176
  C:070FH         LINE#         177
  C:0712H         LINE#         178
  C:0724H         LINE#         179
  C:0724H         LINE#         180
  C:0727H         LINE#         181
  C:073CH         LINE#         182
  C:0751H         LINE#         183
  C:0753H         LINE#         184
  C:0761H         LINE#         185
  C:0761H         LINE#         186
  C:0764H         LINE#         187
  C:0774H         LINE#         188
  C:0774H         LINE#         189
  C:0789H         LINE#         190
  C:079EH         LINE#         191
  C:07B3H         LINE#         192
  C:07C8H         LINE#         193
  C:07CAH         LINE#         194
  C:07D8H         LINE#         195
  C:07DAH         LINE#         196
  C:07DEH         LINE#         197
  C:07DEH         LINE#         198
  C:07E1H         LINE#         199
  C:07F6H         LINE#         200
  C:080BH         LINE#         201
  C:080DH         LINE#         202
  C:080DH         LINE#         203
  C:0810H         LINE#         204
  -------         ENDPROC       _SYS_WRITE_VP
  -------         PROC          _WRITE_DGUSII_VP_BYCHAR
  D:0004H         SYMBOL        addr
  X:8B27H         SYMBOL        buf
  X:8B2AH         SYMBOL        len
  -------         DO            
  D:0003H         SYMBOL        i
BL51 BANKED LINKER/LOCATER V6.22.4.0                                                  08/24/2025  23:25:32  PAGE 17


  -------         ENDDO         
  C:03A1H         LINE#         207
  C:03B0H         LINE#         208
  C:03B0H         LINE#         213
  C:03B4H         LINE#         214
  C:03BBH         LINE#         215
  C:03BEH         LINE#         216
  C:03C1H         LINE#         217
  C:03C5H         LINE#         218
  C:03C8H         LINE#         219
  C:03CBH         LINE#         220
  C:03CEH         LINE#         221
  C:03E1H         LINE#         222
  C:03E7H         LINE#         223
  C:03EAH         LINE#         224
  C:03FFH         LINE#         225
  C:0401H         LINE#         226
  C:0404H         LINE#         227
  C:040AH         LINE#         228
  C:040CH         LINE#         229
  C:040FH         LINE#         230
  C:0424H         LINE#         231
  C:0439H         LINE#         232
  C:043BH         LINE#         233
  C:043EH         LINE#         234
  C:044CH         LINE#         235
  C:044CH         LINE#         236
  C:044CH         LINE#         237
  C:044FH         LINE#         238
  C:045FH         LINE#         239
  C:0474H         LINE#         240
  C:0489H         LINE#         241
  C:049EH         LINE#         242
  C:04B3H         LINE#         243
  C:04B5H         LINE#         244
  C:04B8H         LINE#         245
  C:04C6H         LINE#         246
  C:04C8H         LINE#         248
  C:04CEH         LINE#         249
  C:04D1H         LINE#         250
  C:04E6H         LINE#         251
  C:04FBH         LINE#         252
  C:0510H         LINE#         253
  C:0512H         LINE#         254
  C:0517H         LINE#         255
  C:0524H         LINE#         256
  C:0527H         LINE#         257
  C:053CH         LINE#         258
  C:0551H         LINE#         259
  C:0553H         LINE#         260
  C:0558H         LINE#         261
  C:055EH         LINE#         262
  C:0561H         LINE#         263
  C:0576H         LINE#         264
  C:0578H         LINE#         265
  C:057BH         LINE#         266
  C:057BH         LINE#         267
BL51 BANKED LINKER/LOCATER V6.22.4.0                                                  08/24/2025  23:25:32  PAGE 18


  C:057EH         LINE#         269
  -------         ENDPROC       _WRITE_DGUSII_VP_BYCHAR
  -------         PROC          SYS_TIMER2_ISR
  C:1161H         LINE#         272
  C:1163H         LINE#         274
  C:1165H         LINE#         275
  C:116DH         LINE#         276
  C:1170H         LINE#         277
  -------         ENDPROC       SYS_TIMER2_ISR
  -------         ENDMOD        SYS

  -------         MODULE        MODBUS
  C:0000H         SYMBOL        _ICE_DUMMY_
  D:0080H         PUBLIC        P0
  D:0090H         PUBLIC        P1
  C:0E85H         PUBLIC        Modbus_Event_Uart2
  C:0E2DH         PUBLIC        Modbus_Event_Uart4
  D:00F8H         PUBLIC        RAMMODE
  D:00A8H         PUBLIC        IEN0
  D:00B8H         PUBLIC        IEN1
  C:002EH         PUBLIC        Modbus_Fun6
  D:0088H         PUBLIC        TCON
  B:0098H.1       PUBLIC        TI0
  B:0090H.7       PUBLIC        LED
  D:0098H         PUBLIC        SCON0
  D:00C8H         PUBLIC        T2CON
  C:0D02H         PUBLIC        _MODBUS_CRC16
  D:00D0H         PUBLIC        PSW
  D:00C0H         PUBLIC        IRCON
  -------         PROC          MODBUS_EVENT_UART4
  -------         DO            
  D:0004H         SYMBOL        crc
  D:0006H         SYMBOL        rccrc
  -------         ENDDO         
  C:0E2DH         LINE#         4
  C:0E2DH         LINE#         5
  C:0E2DH         LINE#         6
  C:0E30H         LINE#         9
  C:0E38H         LINE#         10
  C:0E38H         LINE#         12
  C:0E39H         LINE#         23
  C:0E47H         LINE#         24
  C:0E65H         LINE#         27
  C:0E6AH         LINE#         30
  C:0E72H         LINE#         31
  C:0E72H         LINE#         32
  C:0E74H         LINE#         34
  C:0E7BH         LINE#         35
  C:0E7BH         LINE#         36
  C:0E81H         LINE#         37
  C:0E81H         LINE#         38
  C:0E81H         LINE#         39
  C:0E84H         LINE#         40
  C:0E84H         LINE#         42
  C:0E84H         LINE#         43
  C:0E84H         LINE#         44
  C:0E84H         LINE#         45
BL51 BANKED LINKER/LOCATER V6.22.4.0                                                  08/24/2025  23:25:32  PAGE 19


  C:0E84H         LINE#         46
  C:0E84H         LINE#         47
  C:0E84H         LINE#         48
  -------         ENDPROC       MODBUS_EVENT_UART4
  -------         PROC          MODBUS_EVENT_UART2
  -------         DO            
  D:0004H         SYMBOL        crc
  D:0006H         SYMBOL        rccrc
  -------         ENDDO         
  C:0E85H         LINE#         50
  C:0E85H         LINE#         51
  C:0E85H         LINE#         52
  C:0E88H         LINE#         55
  C:0E90H         LINE#         56
  C:0E90H         LINE#         58
  C:0E91H         LINE#         61
  C:0E9FH         LINE#         62
  C:0EBDH         LINE#         65
  C:0EC2H         LINE#         68
  C:0ECAH         LINE#         69
  C:0ECAH         LINE#         72
  C:0ED1H         LINE#         73
  C:0ED1H         LINE#         74
  C:0ED7H         LINE#         75
  C:0ED7H         LINE#         76
  C:0ED7H         LINE#         77
  C:0EDAH         LINE#         78
  C:0EDAH         LINE#         80
  C:0EDAH         LINE#         81
  C:0EDAH         LINE#         82
  C:0EDAH         LINE#         83
  C:0EDAH         LINE#         84
  C:0EDAH         LINE#         85
  C:0EDAH         LINE#         86
  -------         ENDPROC       MODBUS_EVENT_UART2
  -------         PROC          MODBUS_FUN6
  C:002EH         LINE#         88
  C:002EH         LINE#         89
  C:002EH         LINE#         90
  C:0041H         LINE#         92
  C:0043H         LINE#         93
  C:0049H         LINE#         95
  C:004BH         LINE#         98
  -------         ENDPROC       MODBUS_FUN6
  -------         PROC          L?0027
  -------         ENDPROC       L?0027
  -------         PROC          _MODBUS_CRC16
  D:0001H         SYMBOL        buf
  X:8A12H         SYMBOL        length
  -------         DO            
  D:0005H         SYMBOL        i
  X:8A13H         SYMBOL        crc16
  -------         ENDDO         
  C:0D02H         LINE#         108
  C:0D07H         LINE#         109
  C:0D07H         LINE#         114
  C:0D0DH         LINE#         117
BL51 BANKED LINKER/LOCATER V6.22.4.0                                                  08/24/2025  23:25:32  PAGE 20


  C:0D0DH         LINE#         119
  C:0D1AH         LINE#         120
  C:0D1CH         LINE#         121
  C:0D1CH         LINE#         123
  C:0D27H         LINE#         124
  C:0D27H         LINE#         125
  C:0D3EH         LINE#         126
  C:0D40H         LINE#         129
  C:0D40H         LINE#         130
  C:0D4BH         LINE#         131
  C:0D4BH         LINE#         132
  C:0D50H         LINE#         133
  C:0D57H         LINE#         134
  C:0D5FH         LINE#         136
  C:0D65H         LINE#         137
  -------         ENDPROC       _MODBUS_CRC16
  -------         ENDMOD        MODBUS

  -------         MODULE        ?C?COPY
  C:01D3H         PUBLIC        ?C?COPY
  -------         ENDMOD        ?C?COPY

  -------         MODULE        ?C?CLDPTR
  C:01F9H         PUBLIC        ?C?CLDPTR
  -------         ENDMOD        ?C?CLDPTR

  -------         MODULE        ?C?CLDOPTR
  C:0212H         PUBLIC        ?C?CLDOPTR
  -------         ENDMOD        ?C?CLDOPTR

  -------         MODULE        ?C?CSTPTR
  C:023FH         PUBLIC        ?C?CSTPTR
  -------         ENDMOD        ?C?CSTPTR

  -------         MODULE        ?C?CSTOPTR
  C:0251H         PUBLIC        ?C?CSTOPTR
  -------         ENDMOD        ?C?CSTOPTR

  -------         MODULE        ?C?ILDIX
  C:0273H         PUBLIC        ?C?ILDIX
  -------         ENDMOD        ?C?ILDIX

  -------         MODULE        ?C?ILDPTR
  C:0289H         PUBLIC        ?C?ILDPTR
  -------         ENDMOD        ?C?ILDPTR

  -------         MODULE        ?C?ULDIV
  C:02F0H         PUBLIC        ?C?ULDIV
  -------         ENDMOD        ?C?ULDIV

  -------         MODULE        ?C?ULSHR
  C:0382H         PUBLIC        ?C?ULSHR
  -------         ENDMOD        ?C?ULSHR

  -------         MODULE        ?C?LSTXDATA
  C:0395H         PUBLIC        ?C?LSTXDATA
  -------         ENDMOD        ?C?LSTXDATA
BL51 BANKED LINKER/LOCATER V6.22.4.0                                                  08/24/2025  23:25:32  PAGE 21



*** WARNING L16: UNCALLED SEGMENT, IGNORED FOR OVERLAY PROCESS
    SEGMENT: ?PR?_UART4_INIT?UART

*** WARNING L16: UNCALLED SEGMENT, IGNORED FOR OVERLAY PROCESS
    SEGMENT: ?PR?UART4_SEND_STATU_INIT?COMMUNICATION

*** WARNING L16: UNCALLED SEGMENT, IGNORED FOR OVERLAY PROCESS
    SEGMENT: ?PR?_DELAY_US?SYS

*** WARNING L16: UNCALLED SEGMENT, IGNORED FOR OVERLAY PROCESS
    SEGMENT: ?PR?_READ_DGUS?SYS

*** WARNING L16: UNCALLED SEGMENT, IGNORED FOR OVERLAY PROCESS
    SEGMENT: ?PR?_SYS_WRITE_VP?SYS

*** WARNING L16: UNCALLED SEGMENT, IGNORED FOR OVERLAY PROCESS
    SEGMENT: ?PR?MODBUS_EVENT_UART4?MODBUS

Program Size: data=20.0 xdata=2871 code=4471
LINK/LOCATE RUN COMPLETE.  6 WARNING(S),  0 ERROR(S)
