BL51 BANKED LINKER/LOCATER V6.22                                                        08/25/2025  16:17:13  PAGE 1


BL51 BANKED LINKER/LOCATER V6.22, INVOKED BY:
D:\APP\KEIL_V5\MDK\C51\BIN\BL51.EXE ..\Output\main.obj, ..\Output\STARTUP_M5.obj, ..\Output\tim.obj, ..\Output\uart.obj,
>>  ..\Output\gpio.obj, ..\Output\communication.obj, ..\Output\sys.obj, ..\Output\modbus.obj TO ..\Output\OS_Test PRINT 
>> (.\Listings\OS_Test.m51) RAMSIZE (256) XDATA (0X8000-0XFFFF)


MEMORY MODEL: LARGE


INPUT MODULES INCLUDED:
  ..\Output\main.obj (MAIN)
  ..\Output\STARTUP_M5.obj (STARTUP_M5)
  ..\Output\tim.obj (TIM)
  ..\Output\uart.obj (UART)
  ..\Output\gpio.obj (GPIO)
  ..\Output\communication.obj (COMMUNICATION)
  ..\Output\sys.obj (SYS)
  ..\Output\modbus.obj (MODBUS)
  D:\APP\KEIL_V5\MDK\C51\LIB\C51L.LIB (?C_STARTUP)
  D:\APP\KEIL_V5\MDK\C51\LIB\C51L.LIB (?C_INIT)
  D:\APP\KEIL_V5\MDK\C51\LIB\C51L.LIB (?C?COPY)
  D:\APP\KEIL_V5\MDK\C51\LIB\C51L.LIB (?C?CLDPTR)
  D:\APP\KEIL_V5\MDK\C51\LIB\C51L.LIB (?C?CLDOPTR)
  D:\APP\KEIL_V5\MDK\C51\LIB\C51L.LIB (?C?CSTPTR)
  D:\APP\KEIL_V5\MDK\C51\LIB\C51L.LIB (?C?CSTOPTR)
  D:\APP\KEIL_V5\MDK\C51\LIB\C51L.LIB (?C?ILDIX)
  D:\APP\KEIL_V5\MDK\C51\LIB\C51L.LIB (?C?ILDPTR)
  D:\APP\KEIL_V5\MDK\C51\LIB\C51L.LIB (?C?ULDIV)
  D:\APP\KEIL_V5\MDK\C51\LIB\C51L.LIB (?C?ULSHR)
  D:\APP\KEIL_V5\MDK\C51\LIB\C51L.LIB (?C?LSTXDATA)


LINK MAP OF MODULE:  ..\Output\OS_Test (MAIN)


            TYPE    BASE      LENGTH    RELOCATION   SEGMENT NAME
            -----------------------------------------------------

            * * * * * * *   D A T A   M E M O R Y   * * * * * * *
            REG     0000H     0008H     ABSOLUTE     "REG BANK 0"
            DATA    0008H     0004H     UNIT         ?DT?_DELAY_US?SYS
            DATA    000CH     0004H     UNIT         _DATA_GROUP_
            DATA    0010H     0002H     UNIT         ?DT?SYS
                    0012H     000EH                  *** GAP ***
            BIT     0020H.0   0000H.5   UNIT         ?BI?UART
            BIT     0020H.5   0000H.3   UNIT         _BIT_GROUP_
            IDATA   0021H     0001H     UNIT         ?STACK

            * * * * * * *  X D A T A   M E M O R Y  * * * * * * *
                    0000H     8000H                  *** GAP ***
            XDATA   8000H     0804H     UNIT         ?XD?UART
            XDATA   8804H     0315H     UNIT         ?XD?COMMUNICATION
            XDATA   8B19H     011AH     UNIT         _XDATA_GROUP_
            XDATA   8C33H     0007H     UNIT         ?XD?_SYS_WRITE_VP?SYS

            * * * * * * *   C O D E   M E M O R Y   * * * * * * *
            CODE    0000H     0003H     ABSOLUTE     
            CODE    0003H     0007H     UNIT         ?PR?GPIO_INIT?GPIO
BL51 BANKED LINKER/LOCATER V6.22                                                      08/25/2025  16:17:13  PAGE 2


                    000AH     0001H                  *** GAP ***
            CODE    000BH     0003H     ABSOLUTE     
            CODE    000EH     0006H     UNIT         ?PR?SYS_INIT?SYS
            CODE    0014H     0005H     UNIT         ?C_INITSEG
                    0019H     0002H                  *** GAP ***
            CODE    001BH     0003H     ABSOLUTE     
                    001EH     0005H                  *** GAP ***
            CODE    0023H     0003H     ABSOLUTE     
                    0026H     0005H                  *** GAP ***
            CODE    002BH     0003H     ABSOLUTE     
            CODE    002EH     0023H     UNIT         ?PR?TIM0_ISR?TIM
                    0051H     0002H                  *** GAP ***
            CODE    0053H     0003H     ABSOLUTE     
                    0056H     0005H                  *** GAP ***
            CODE    005BH     0003H     ABSOLUTE     
                    005EH     0005H                  *** GAP ***
            CODE    0063H     0003H     ABSOLUTE     
                    0066H     0005H                  *** GAP ***
            CODE    006BH     0003H     ABSOLUTE     
            CODE    006EH     006AH     UNIT         ?PR?_MODBUS_CRC16?MODBUS
            CODE    00D8H     001FH     UNIT         ?PR?MODBUS_FUN6?MODBUS
                    00F7H     0001H                  *** GAP ***
            CODE    00F8H     000BH     ABSOLUTE     
            CODE    0103H     029EH     UNIT         ?C?LIB_CODE
            CODE    03A1H     01DEH     UNIT         ?PR?_WRITE_DGUSII_VP_BYCHAR?SYS
            CODE    057FH     0166H     UNIT         ?PR?_DEAL_UART_DATA?UART
            CODE    06E5H     012CH     UNIT         ?PR?_SYS_WRITE_VP?SYS
            CODE    0811H     0105H     UNIT         ?CO?UART
            CODE    0916H     00FDH     UNIT         ?PR?_DEAL_83_CMD?UART
            CODE    0A13H     00E4H     UNIT         ?PR?_SYS_READ_VP?SYS
            CODE    0AF7H     00DFH     UNIT         ?PR?_DEAL_82_CMD?UART
            CODE    0BD6H     00B7H     UNIT         ?PR?UART2_RXTX_ISR?COMMUNICATION
            CODE    0C8DH     00A1H     UNIT         ?PR?TIM1_ISR?COMMUNICATION
            CODE    0D2EH     008CH     UNIT         ?C_C51STARTUP
            CODE    0DBAH     0068H     UNIT         ?PR?_UART2_INIT?UART
            CODE    0E22H     0058H     UNIT         ?PR?MODBUS_EVENT_UART5?MODBUS
            CODE    0E7AH     0056H     UNIT         ?PR?MODBUS_EVENT_UART2?MODBUS
            CODE    0ED0H     0056H     UNIT         ?PR?MODBUS_EVENT_UART4?MODBUS
            CODE    0F26H     0052H     UNIT         ?PR?_WRITE_DGUS?SYS
            CODE    0F78H     0051H     UNIT         ?PR?_UART4_INIT?UART
            CODE    0FC9H     0051H     UNIT         ?PR?_UART5_INIT?UART
            CODE    101AH     0050H     UNIT         ?PR?MAIN?MAIN
            CODE    106AH     0049H     UNIT         ?PR?UART4_RX_ISR?COMMUNICATION
            CODE    10B3H     0049H     UNIT         ?PR?UART5_RX_ISR?COMMUNICATION
            CODE    10FCH     0045H     UNIT         ?PR?UART4_TX_ISR?COMMUNICATION
            CODE    1141H     0045H     UNIT         ?PR?UART5_TX_ISR?COMMUNICATION
            CODE    1186H     0044H     UNIT         ?PR?_READ_DGUS?SYS
            CODE    11CAH     0037H     UNIT         ?PR?UART_FRAME_DEAL?UART
            CODE    1201H     002EH     UNIT         ?PR?_DELAY_MS?SYS
            CODE    122FH     002CH     UNIT         ?PR?_DELAY_US?SYS
            CODE    125BH     0029H     UNIT         ?PR?SYS_CPU_INIT?SYS
            CODE    1284H     001AH     UNIT         ?PR?BURN_PARAMS_INIT?UART
            CODE    129EH     0017H     UNIT         ?PR?UART2_SEND_STATU_INIT?COMMUNICATION
            CODE    12B5H     0017H     UNIT         ?PR?UART4_SEND_STATU_INIT?COMMUNICATION
            CODE    12CCH     0017H     UNIT         ?PR?UART5_SEND_STATU_INIT?COMMUNICATION
            CODE    12E3H     0016H     UNIT         ?PR?SYS_TIMER2_INIT?SYS
            CODE    12F9H     0013H     UNIT         ?PR?TIM0_INIT?TIM
BL51 BANKED LINKER/LOCATER V6.22                                                      08/25/2025  16:17:13  PAGE 3


            CODE    130CH     0013H     UNIT         ?PR?TIM1_INIT?TIM
            CODE    131FH     0012H     UNIT         ?PR?SYS_TIMER2_ISR?SYS
            CODE    1331H     0010H     UNIT         ?PR?_UART_SEND_BYTE?UART



OVERLAY MAP OF MODULE:   ..\Output\OS_Test (MAIN)


SEGMENT                                            BIT_GROUP          DATA_GROUP          XDATA_GROUP
  +--> CALLED SEGMENT                           START    LENGTH     START    LENGTH     START    LENGTH
-------------------------------------------------------------------------------------------------------
?C_C51STARTUP                                   -----    -----      -----    -----      -----    -----
  +--> ?PR?MAIN?MAIN
  +--> ?C_INITSEG

?PR?MAIN?MAIN                                   -----    -----      -----    -----      -----    -----
  +--> ?PR?SYS_INIT?SYS
  +--> ?PR?GPIO_INIT?GPIO
  +--> ?PR?BURN_PARAMS_INIT?UART
  +--> ?PR?_UART2_INIT?UART
  +--> ?PR?UART2_SEND_STATU_INIT?COMMUNICATION
  +--> ?PR?_UART4_INIT?UART
  +--> ?PR?UART4_SEND_STATU_INIT?COMMUNICATION
  +--> ?PR?_UART5_INIT?UART
  +--> ?PR?UART5_SEND_STATU_INIT?COMMUNICATION
  +--> ?PR?TIM0_INIT?TIM
  +--> ?PR?TIM1_INIT?TIM
  +--> ?PR?_DELAY_MS?SYS
  +--> ?PR?UART_FRAME_DEAL?UART
  +--> ?PR?MODBUS_EVENT_UART2?MODBUS
  +--> ?PR?MODBUS_EVENT_UART4?MODBUS
  +--> ?PR?MODBUS_EVENT_UART5?MODBUS

?PR?SYS_INIT?SYS                                -----    -----      -----    -----      -----    -----
  +--> ?PR?SYS_CPU_INIT?SYS
  +--> ?PR?SYS_TIMER2_INIT?SYS

?PR?_UART2_INIT?UART                            -----    -----      -----    -----      8B19H    0004H

?PR?_UART4_INIT?UART                            -----    -----      -----    -----      8B19H    0004H

?PR?_UART5_INIT?UART                            -----    -----      -----    -----      8B19H    0004H

?PR?_DELAY_MS?SYS                               -----    -----      000CH    0004H      -----    -----

?PR?UART_FRAME_DEAL?UART                        -----    -----      -----    -----      -----    -----
  +--> ?PR?_DEAL_UART_DATA?UART

?PR?_DEAL_UART_DATA?UART                        0020H.5  0000H.3    -----    -----      8B19H    0108H
  +--> ?PR?_DEAL_82_CMD?UART
  +--> ?CO?UART
  +--> ?PR?_DEAL_83_CMD?UART

?PR?_DEAL_82_CMD?UART                           -----    -----      -----    -----      8C21H    000BH
  +--> ?PR?_WRITE_DGUS?SYS
  +--> ?PR?_WRITE_DGUSII_VP_BYCHAR?SYS
BL51 BANKED LINKER/LOCATER V6.22                                                      08/25/2025  16:17:13  PAGE 4


  +--> ?CO?UART
  +--> ?PR?_UART_SEND_BYTE?UART

?PR?_WRITE_DGUSII_VP_BYCHAR?SYS                 -----    -----      -----    -----      8C2CH    0007H

?PR?_DEAL_83_CMD?UART                           -----    -----      -----    -----      8C21H    0008H
  +--> ?PR?_SYS_READ_VP?SYS
  +--> ?PR?_UART_SEND_BYTE?UART

?PR?_SYS_READ_VP?SYS                            -----    -----      -----    -----      8C29H    0007H

?PR?MODBUS_EVENT_UART2?MODBUS                   -----    -----      -----    -----      -----    -----
  +--> ?PR?_MODBUS_CRC16?MODBUS
  +--> ?PR?MODBUS_FUN6?MODBUS

?PR?_MODBUS_CRC16?MODBUS                        -----    -----      -----    -----      8B19H    0003H

?PR?MODBUS_EVENT_UART4?MODBUS                   -----    -----      -----    -----      -----    -----
  +--> ?PR?_MODBUS_CRC16?MODBUS
  +--> ?PR?MODBUS_FUN6?MODBUS

?PR?MODBUS_EVENT_UART5?MODBUS                   -----    -----      -----    -----      -----    -----
  +--> ?PR?_MODBUS_CRC16?MODBUS
  +--> ?PR?MODBUS_FUN6?MODBUS



SYMBOL TABLE OF MODULE:  ..\Output\OS_Test (MAIN)

  VALUE           TYPE          NAME
  ----------------------------------

  -------         MODULE        MAIN
  C:0000H         SYMBOL        _ICE_DUMMY_
  D:0080H         PUBLIC        P0
  D:0090H         PUBLIC        P1
  D:00F8H         PUBLIC        RAMMODE
  D:00A8H         PUBLIC        IEN0
  D:00B8H         PUBLIC        IEN1
  C:101AH         PUBLIC        main
  D:0088H         PUBLIC        TCON
  B:0090H.7       PUBLIC        LED
  D:0098H         PUBLIC        SCON0
  D:00C8H         PUBLIC        T2CON
  D:00D0H         PUBLIC        PSW
  D:00C0H         PUBLIC        IRCON
  -------         PROC          MAIN
  C:101AH         LINE#         3
  C:101AH         LINE#         4
  C:101AH         LINE#         5
  C:101DH         LINE#         6
  C:1020H         LINE#         7
  C:1023H         LINE#         9
  C:102EH         LINE#         10
  C:1031H         LINE#         12
  C:103CH         LINE#         13
  C:103FH         LINE#         15
BL51 BANKED LINKER/LOCATER V6.22                                                      08/25/2025  16:17:13  PAGE 5


  C:104AH         LINE#         16
  C:104DH         LINE#         18
  C:1050H         LINE#         19
  C:1053H         LINE#         21
  C:105AH         LINE#         23
  C:105CH         LINE#         25
  C:105CH         LINE#         26
  C:105CH         LINE#         27
  C:105FH         LINE#         28
  C:1062H         LINE#         29
  C:1065H         LINE#         30
  C:1068H         LINE#         31
  -------         ENDPROC       MAIN
  -------         ENDMOD        MAIN

  -------         MODULE        STARTUP_M5
  C:0100H         LINE#         29
  -------         ENDMOD        STARTUP_M5

  -------         MODULE        TIM
  C:0000H         SYMBOL        _ICE_DUMMY_
  D:0080H         PUBLIC        P0
  D:0090H         PUBLIC        P1
  B:00A8H.7       PUBLIC        EA
  D:00F8H         PUBLIC        RAMMODE
  D:00A8H         PUBLIC        IEN0
  D:00B8H         PUBLIC        IEN1
  D:0089H         PUBLIC        TMOD
  D:0088H         PUBLIC        TCON
  B:00A8H.1       PUBLIC        ET0
  B:00A8H.3       PUBLIC        ET1
  D:008CH         PUBLIC        TH0
  D:008DH         PUBLIC        TH1
  D:008AH         PUBLIC        TL0
  D:008BH         PUBLIC        TL1
  C:12F9H         PUBLIC        Tim0_Init
  C:130CH         PUBLIC        Tim1_Init
  B:0088H.4       PUBLIC        TR0
  B:0088H.6       PUBLIC        TR1
  D:0098H         PUBLIC        SCON0
  D:00C8H         PUBLIC        T2CON
  C:002EH         PUBLIC        Tim0_Isr
  D:00D0H         PUBLIC        PSW
  D:00C0H         PUBLIC        IRCON
  -------         PROC          TIM0_INIT
  C:12F9H         LINE#         3
  C:12F9H         LINE#         4
  C:12F9H         LINE#         5
  C:12FCH         LINE#         6
  C:12FFH         LINE#         8
  C:1302H         LINE#         9
  C:1305H         LINE#         11
  C:1307H         LINE#         12
  C:1309H         LINE#         13
  C:130BH         LINE#         15
  -------         ENDPROC       TIM0_INIT
  -------         PROC          TIM1_INIT
BL51 BANKED LINKER/LOCATER V6.22                                                      08/25/2025  16:17:13  PAGE 6


  C:130CH         LINE#         17
  C:130CH         LINE#         18
  C:130CH         LINE#         19
  C:130FH         LINE#         20
  C:1312H         LINE#         22
  C:1315H         LINE#         23
  C:1318H         LINE#         25
  C:131AH         LINE#         26
  C:131CH         LINE#         27
  C:131EH         LINE#         29
  -------         ENDPROC       TIM1_INIT
  -------         PROC          TIM0_ISR
  C:002EH         LINE#         31
  C:0036H         LINE#         33
  C:0039H         LINE#         34
  C:003CH         LINE#         36
  C:0045H         LINE#         37
  C:0045H         LINE#         38
  C:0048H         LINE#         39
  C:0048H         LINE#         40
  -------         ENDPROC       TIM0_ISR
  -------         ENDMOD        TIM

  -------         MODULE        UART
  C:0000H         SYMBOL        _ICE_DUMMY_
  D:0080H         PUBLIC        P0
  D:0090H         PUBLIC        P1
  B:0020H.0       PUBLIC        Auto_data_upload
  B:0020H.1       PUBLIC        Crc_check_flog
  B:00A8H.7       PUBLIC        EA
  D:00F8H         PUBLIC        RAMMODE
  D:00B7H         PUBLIC        P0MDOUT
  D:00A8H         PUBLIC        IEN0
  D:00B8H         PUBLIC        IEN1
  B:00B8H.3       PUBLIC        ES2R
  B:00B8H.5       PUBLIC        ES3R
  B:00B8H.2       PUBLIC        ES2T
  B:00B8H.4       PUBLIC        ES3T
  C:11CAH         PUBLIC        uart_frame_deal
  D:00BAH         PUBLIC        SREL0H
  D:0087H         PUBLIC        PCON
  C:057FH         PUBLIC        _deal_uart_data
  D:00AAH         PUBLIC        SREL0L
  X:8000H         PUBLIC        T_O2
  D:0088H         PUBLIC        TCON
  C:1284H         PUBLIC        burn_params_init
  D:0097H         PUBLIC        SCON2R
  D:00ABH         PUBLIC        SCON3R
  D:00D9H         PUBLIC        BODE2_DIV_H
  D:00AEH         PUBLIC        BODE3_DIV_H
  D:0096H         PUBLIC        SCON2T
  D:00A7H         PUBLIC        SCON3T
  D:00E7H         PUBLIC        BODE2_DIV_L
  D:00AFH         PUBLIC        BODE3_DIV_L
  D:00C9H         PUBLIC        MUX_SEL
  C:0811H         SYMBOL        _?ix1000
  C:0910H         SYMBOL        _?ix1001
BL51 BANKED LINKER/LOCATER V6.22                                                      08/25/2025  16:17:13  PAGE 7


  C:0DBAH         PUBLIC        _Uart2_Init
  B:00A8H.4       PUBLIC        ES0
  C:0F78H         PUBLIC        _Uart4_Init
  C:0FC9H         PUBLIC        _Uart5_Init
  B:0020H.2       PUBLIC        Busy2
  X:8001H         PUBLIC        R_u2
  B:0020H.3       PUBLIC        download_flag
  B:0020H.4       PUBLIC        Response_flog
  D:0099H         PUBLIC        SBUF0
  C:1331H         PUBLIC        _uart_send_byte
  D:0098H         PUBLIC        SCON0
  D:00D8H         PUBLIC        ADCON
  D:00C8H         PUBLIC        T2CON
  X:8801H         PUBLIC        R_CN2
  X:8803H         PUBLIC        R_OD2
  C:0AF7H         PUBLIC        _deal_82_cmd
  C:0916H         PUBLIC        _deal_83_cmd
  D:00D0H         PUBLIC        PSW
  D:00C0H         PUBLIC        IRCON
  -------         PROC          BURN_PARAMS_INIT
  C:1284H         LINE#         14
  C:1284H         LINE#         15
  C:1284H         LINE#         16
  C:1289H         LINE#         17
  C:128FH         LINE#         18
  C:1293H         LINE#         19
  C:1295H         LINE#         20
  C:1297H         LINE#         21
  C:1299H         LINE#         22
  C:129BH         LINE#         23
  C:129DH         LINE#         24
  -------         ENDPROC       BURN_PARAMS_INIT
  -------         PROC          _UART2_INIT
  X:8B19H         SYMBOL        baud
  C:0DBAH         LINE#         26
  C:0DC0H         LINE#         27
  C:0DC0H         LINE#         28
  C:0DC3H         LINE#         30
  C:0DC6H         LINE#         31
  C:0DC9H         LINE#         33
  C:0DCCH         LINE#         34
  C:0DCFH         LINE#         35
  C:0DD2H         LINE#         37
  C:0DFFH         LINE#         39
  C:0E14H         LINE#         40
  C:0E1DH         LINE#         42
  C:0E1FH         LINE#         43
  C:0E21H         LINE#         44
  -------         ENDPROC       _UART2_INIT
  -------         PROC          _UART4_INIT
  X:8B19H         SYMBOL        baud
  C:0F78H         LINE#         46
  C:0F7EH         LINE#         47
  C:0F7EH         LINE#         48
  C:0F81H         LINE#         49
  C:0F84H         LINE#         50
  C:0F86H         LINE#         51
BL51 BANKED LINKER/LOCATER V6.22                                                      08/25/2025  16:17:13  PAGE 8


  C:0F88H         LINE#         53
  C:0FA7H         LINE#         55
  C:0FBCH         LINE#         56
  C:0FC5H         LINE#         58
  C:0FC8H         LINE#         60
  -------         ENDPROC       _UART4_INIT
  -------         PROC          _UART5_INIT
  X:8B19H         SYMBOL        baud
  C:0FC9H         LINE#         62
  C:0FCFH         LINE#         63
  C:0FCFH         LINE#         64
  C:0FD2H         LINE#         65
  C:0FD5H         LINE#         66
  C:0FD7H         LINE#         67
  C:0FD9H         LINE#         69
  C:0FF8H         LINE#         71
  C:100DH         LINE#         72
  C:1016H         LINE#         74
  C:1019H         LINE#         76
  -------         ENDPROC       _UART5_INIT
  -------         PROC          UART_FRAME_DEAL
  C:11CAH         LINE#         78
  C:11CAH         LINE#         79
  C:11CAH         LINE#         81
  C:11D7H         LINE#         82
  C:11D7H         LINE#         83
  C:11DBH         LINE#         84
  C:11F9H         LINE#         85
  C:1200H         LINE#         86
  C:1200H         LINE#         87
  -------         ENDPROC       UART_FRAME_DEAL
  -------         PROC          _DEAL_UART_DATA
  X:8B19H         SYMBOL        Arr_rece
  X:8B1CH         SYMBOL        Data_len
  X:8B1FH         SYMBOL        Uart_num
  B:0020H.5       SYMBOL        Response
  B:0020H.6       SYMBOL        Crc_ck
  -------         DO            
  X:8B20H         SYMBOL        N
  B:0020H.7       SYMBOL        Flog
  -------         DO            
  X:8B22H         SYMBOL        Val
  -------         ENDDO         
  -------         ENDDO         
  C:057FH         LINE#         89
  C:058AH         LINE#         90
  C:058AH         LINE#         91
  C:0591H         LINE#         92
  C:0593H         LINE#         94
  C:0599H         LINE#         95
  C:0599H         LINE#         96
  C:05C9H         LINE#         97
  C:05C9H         LINE#         98
  C:05E1H         LINE#         99
  C:05E1H         LINE#         100
  C:05E5H         LINE#         101
  C:05E9H         LINE#         102
BL51 BANKED LINKER/LOCATER V6.22                                                      08/25/2025  16:17:13  PAGE 9


  C:05FFH         LINE#         103
  C:05FFH         LINE#         104
  C:0601H         LINE#         105
  C:0624H         LINE#         106
  C:0624H         LINE#         107
  C:0636H         LINE#         108
  C:063AH         LINE#         109
  C:066CH         LINE#         110
  C:069DH         LINE#         111
  C:069FH         LINE#         112
  C:069FH         LINE#         113
  C:06ADH         LINE#         114
  C:06ADH         LINE#         115
  C:06ADH         LINE#         116
  C:06D0H         LINE#         117
  C:06D0H         LINE#         118
  C:06DCH         LINE#         119
  C:06DFH         LINE#         121
  C:06DFH         LINE#         122
  C:06E1H         LINE#         123
  C:06E1H         LINE#         124
  C:06E4H         LINE#         125
  -------         ENDPROC       _DEAL_UART_DATA
  -------         PROC          _DEAL_82_CMD
  X:8C21H         SYMBOL        Uart
  X:8C22H         SYMBOL        arr
  -------         DO            
  X:8C25H         SYMBOL        i
  -------         DO            
  X:8C26H         SYMBOL        Temp_arr
  -------         ENDDO         
  -------         ENDDO         
  C:0AF7H         LINE#         127
  C:0B05H         LINE#         128
  C:0B05H         LINE#         129
  C:0B08H         LINE#         130
  C:0B0EH         LINE#         131
  C:0B0EH         LINE#         132
  C:0B2AH         LINE#         133
  C:0B2AH         LINE#         134
  C:0B35H         LINE#         135
  C:0B40H         LINE#         136
  C:0B42H         LINE#         137
  C:0B42H         LINE#         138
  C:0B94H         LINE#         139
  C:0B94H         LINE#         141
  C:0B97H         LINE#         142
  C:0B97H         LINE#         143
  C:0BAAH         LINE#         145
  C:0BB9H         LINE#         146
  C:0BB9H         LINE#         147
  C:0BCDH         LINE#         148
  C:0BD5H         LINE#         149
  C:0BD5H         LINE#         150
  C:0BD5H         LINE#         151
  -------         ENDPROC       _DEAL_82_CMD
  -------         PROC          _DEAL_83_CMD
BL51 BANKED LINKER/LOCATER V6.22                                                      08/25/2025  16:17:13  PAGE 10


  X:8C21H         SYMBOL        Uart
  X:8C22H         SYMBOL        arr
  X:8C25H         SYMBOL        arr1
  -------         DO            
  X:8C28H         SYMBOL        i
  -------         ENDDO         
  C:0916H         LINE#         154
  C:0924H         LINE#         155
  C:0924H         LINE#         156
  C:0929H         LINE#         157
  C:092FH         LINE#         158
  C:092FH         LINE#         159
  C:0930H         LINE#         160
  C:0930H         LINE#         161
  C:095BH         LINE#         162
  C:0965H         LINE#         164
  C:09AFH         LINE#         165
  C:09CAH         LINE#         167
  C:09F5H         LINE#         168
  C:09F5H         LINE#         169
  C:0A0AH         LINE#         170
  C:0A12H         LINE#         171
  C:0A12H         LINE#         172
  -------         ENDPROC       _DEAL_83_CMD
  -------         PROC          _UART_SEND_BYTE
  D:0007H         SYMBOL        Uart_number
  D:0005H         SYMBOL        Dat
  C:1331H         LINE#         174
  C:1331H         LINE#         175
  C:1331H         LINE#         176
  C:1333H         LINE#         177
  C:1337H         LINE#         178
  C:1337H         LINE#         179
  C:133AH         LINE#         180
  C:133CH         LINE#         181
  C:1340H         LINE#         182
  C:1340H         LINE#         183
  -------         ENDPROC       _UART_SEND_BYTE
  -------         ENDMOD        UART

  -------         MODULE        GPIO
  C:0000H         SYMBOL        _ICE_DUMMY_
  D:0080H         PUBLIC        P0
  D:0090H         PUBLIC        P1
  D:00F8H         PUBLIC        RAMMODE
  D:00B7H         PUBLIC        P0MDOUT
  D:00BCH         PUBLIC        P1MDOUT
  D:00A8H         PUBLIC        IEN0
  D:00B8H         PUBLIC        IEN1
  C:0003H         PUBLIC        GPIO_Init
  D:0088H         PUBLIC        TCON
  D:0098H         PUBLIC        SCON0
  D:00C8H         PUBLIC        T2CON
  D:00D0H         PUBLIC        PSW
  D:00C0H         PUBLIC        IRCON
  -------         PROC          GPIO_INIT
  C:0003H         LINE#         3
BL51 BANKED LINKER/LOCATER V6.22                                                      08/25/2025  16:17:13  PAGE 11


  C:0003H         LINE#         4
  C:0003H         LINE#         5
  C:0006H         LINE#         6
  C:0009H         LINE#         7
  -------         ENDPROC       GPIO_INIT
  -------         ENDMOD        GPIO

  -------         MODULE        COMMUNICATION
  C:0000H         SYMBOL        _ICE_DUMMY_
  D:0080H         PUBLIC        P0
  D:0090H         PUBLIC        P1
  D:00F8H         PUBLIC        RAMMODE
  D:00A8H         PUBLIC        IEN0
  D:00B8H         PUBLIC        IEN1
  C:0BD6H         PUBLIC        Uart2_RXTX_Isr
  X:8804H         PUBLIC        rs485_2
  X:890BH         PUBLIC        rs485_4
  X:8A12H         PUBLIC        rs485_5
  C:129EH         PUBLIC        Uart2_Send_Statu_Init
  C:12B5H         PUBLIC        Uart4_Send_Statu_Init
  C:12CCH         PUBLIC        Uart5_Send_Statu_Init
  D:0088H         PUBLIC        TCON
  D:0097H         PUBLIC        SCON2R
  D:00ABH         PUBLIC        SCON3R
  D:0096H         PUBLIC        SCON2T
  D:00A7H         PUBLIC        SCON3T
  B:0098H.0       PUBLIC        RI0
  B:0098H.1       PUBLIC        TI0
  D:008DH         PUBLIC        TH1
  D:008BH         PUBLIC        TL1
  D:0099H         PUBLIC        SBUF0
  D:0098H         PUBLIC        SCON0
  D:00C8H         PUBLIC        T2CON
  C:0C8DH         PUBLIC        Tim1_Isr
  C:106AH         PUBLIC        Uart4_RX_Isr
  C:10B3H         PUBLIC        Uart5_RX_Isr
  D:009FH         PUBLIC        SBUF2_RX
  C:10FCH         PUBLIC        Uart4_TX_Isr
  D:00ADH         PUBLIC        SBUF3_RX
  C:1141H         PUBLIC        Uart5_TX_Isr
  D:009EH         PUBLIC        SBUF2_TX
  D:00ACH         PUBLIC        SBUF3_TX
  D:00D0H         PUBLIC        PSW
  D:00C0H         PUBLIC        IRCON
  -------         PROC          UART2_SEND_STATU_INIT
  C:129EH         LINE#         14
  C:129EH         LINE#         15
  C:129EH         LINE#         16
  C:12A3H         LINE#         17
  C:12A7H         LINE#         18
  C:12ABH         LINE#         19
  C:12ACH         LINE#         20
  C:12AEH         LINE#         21
  C:12B2H         LINE#         22
  C:12B4H         LINE#         24
  -------         ENDPROC       UART2_SEND_STATU_INIT
  -------         PROC          UART4_SEND_STATU_INIT
BL51 BANKED LINKER/LOCATER V6.22                                                      08/25/2025  16:17:13  PAGE 12


  C:12B5H         LINE#         33
  C:12B5H         LINE#         34
  C:12B5H         LINE#         35
  C:12BAH         LINE#         36
  C:12BEH         LINE#         37
  C:12C2H         LINE#         38
  C:12C3H         LINE#         39
  C:12C5H         LINE#         40
  C:12C9H         LINE#         41
  C:12CBH         LINE#         43
  -------         ENDPROC       UART4_SEND_STATU_INIT
  -------         PROC          UART5_SEND_STATU_INIT
  C:12CCH         LINE#         52
  C:12CCH         LINE#         53
  C:12CCH         LINE#         54
  C:12D1H         LINE#         55
  C:12D5H         LINE#         56
  C:12D9H         LINE#         57
  C:12DAH         LINE#         58
  C:12DCH         LINE#         59
  C:12E0H         LINE#         60
  C:12E2H         LINE#         62
  -------         ENDPROC       UART5_SEND_STATU_INIT
  -------         PROC          UART2_RXTX_ISR
  C:0BD6H         LINE#         71
  C:0BE5H         LINE#         75
  C:0BE8H         LINE#         76
  C:0BE8H         LINE#         78
  C:0BEAH         LINE#         79
  C:0BECH         LINE#         81
  C:0BEFH         LINE#         82
  C:0BEFH         LINE#         83
  C:0BF5H         LINE#         84
  C:0BF5H         LINE#         85
  C:0C07H         LINE#         86
  C:0C0DH         LINE#         87
  C:0C0FH         LINE#         88
  C:0C0FH         LINE#         89
  C:0C14H         LINE#         91
  C:0C14H         LINE#         92
  C:0C14H         LINE#         93
  C:0C14H         LINE#         96
  C:0C17H         LINE#         97
  C:0C17H         LINE#         99
  C:0C19H         LINE#         101
  C:0C2DH         LINE#         102
  C:0C33H         LINE#         103
  C:0C3CH         LINE#         104
  C:0C3CH         LINE#         105
  C:0C4AH         LINE#         106
  C:0C4AH         LINE#         107
  C:0C50H         LINE#         110
  C:0C56H         LINE#         111
  C:0C56H         LINE#         113
  C:0C5FH         LINE#         114
  C:0C5FH         LINE#         115
  C:0C61H         LINE#         116
BL51 BANKED LINKER/LOCATER V6.22                                                      08/25/2025  16:17:13  PAGE 13


  C:0C61H         LINE#         119
  C:0C71H         LINE#         120
  C:0C77H         LINE#         121
  C:0C77H         LINE#         123
  C:0C80H         LINE#         124
  C:0C80H         LINE#         126
  -------         ENDPROC       UART2_RXTX_ISR
  -------         PROC          UART4_TX_ISR
  C:10FCH         LINE#         136
  C:1109H         LINE#         139
  C:110EH         LINE#         140
  C:110EH         LINE#         142
  C:1111H         LINE#         144
  C:1117H         LINE#         145
  C:1117H         LINE#         146
  C:1129H         LINE#         147
  C:112FH         LINE#         148
  C:1131H         LINE#         149
  C:1131H         LINE#         150
  C:1136H         LINE#         152
  C:1136H         LINE#         153
  C:1136H         LINE#         154
  -------         ENDPROC       UART4_TX_ISR
  -------         PROC          UART4_RX_ISR
  C:106AH         LINE#         163
  C:1072H         LINE#         166
  C:1077H         LINE#         167
  C:1077H         LINE#         169
  C:107AH         LINE#         171
  C:1080H         LINE#         172
  C:1080H         LINE#         174
  C:1089H         LINE#         175
  C:1089H         LINE#         176
  C:108BH         LINE#         177
  C:108BH         LINE#         180
  C:109BH         LINE#         181
  C:10A1H         LINE#         182
  C:10A1H         LINE#         184
  C:10AAH         LINE#         185
  C:10AAH         LINE#         186
  -------         ENDPROC       UART4_RX_ISR
  -------         PROC          UART5_TX_ISR
  C:1141H         LINE#         196
  C:114EH         LINE#         199
  C:1153H         LINE#         200
  C:1153H         LINE#         202
  C:1156H         LINE#         204
  C:115CH         LINE#         205
  C:115CH         LINE#         206
  C:116EH         LINE#         207
  C:1174H         LINE#         208
  C:1176H         LINE#         209
  C:1176H         LINE#         210
  C:117BH         LINE#         212
  C:117BH         LINE#         213
  C:117BH         LINE#         214
  -------         ENDPROC       UART5_TX_ISR
BL51 BANKED LINKER/LOCATER V6.22                                                      08/25/2025  16:17:13  PAGE 14


  -------         PROC          UART5_RX_ISR
  C:10B3H         LINE#         223
  C:10BBH         LINE#         226
  C:10C0H         LINE#         227
  C:10C0H         LINE#         229
  C:10C3H         LINE#         232
  C:10C9H         LINE#         233
  C:10C9H         LINE#         235
  C:10D2H         LINE#         236
  C:10D2H         LINE#         237
  C:10D4H         LINE#         238
  C:10D4H         LINE#         241
  C:10E4H         LINE#         242
  C:10EAH         LINE#         243
  C:10EAH         LINE#         245
  C:10F3H         LINE#         246
  C:10F3H         LINE#         247
  -------         ENDPROC       UART5_RX_ISR
  -------         PROC          TIM1_ISR
  C:0C8DH         LINE#         249
  C:0C95H         LINE#         251
  C:0C98H         LINE#         252
  C:0C9BH         LINE#         255
  C:0CA5H         LINE#         256
  C:0CA5H         LINE#         257
  C:0CB3H         LINE#         259
  C:0CBAH         LINE#         260
  C:0CBAH         LINE#         261
  C:0CC3H         LINE#         262
  C:0CC3H         LINE#         264
  C:0CC9H         LINE#         265
  C:0CC9H         LINE#         266
  C:0CC9H         LINE#         267
  C:0CC9H         LINE#         270
  C:0CD3H         LINE#         271
  C:0CD3H         LINE#         272
  C:0CE1H         LINE#         274
  C:0CE8H         LINE#         275
  C:0CE8H         LINE#         276
  C:0CF1H         LINE#         277
  C:0CF1H         LINE#         279
  C:0CF7H         LINE#         280
  C:0CF7H         LINE#         281
  C:0CF7H         LINE#         282
  C:0CF7H         LINE#         285
  C:0D01H         LINE#         286
  C:0D01H         LINE#         287
  C:0D0FH         LINE#         289
  C:0D16H         LINE#         290
  C:0D16H         LINE#         291
  C:0D1FH         LINE#         292
  C:0D1FH         LINE#         294
  C:0D25H         LINE#         295
  C:0D25H         LINE#         296
  C:0D25H         LINE#         297
  C:0D25H         LINE#         298
  -------         ENDPROC       TIM1_ISR
BL51 BANKED LINKER/LOCATER V6.22                                                      08/25/2025  16:17:13  PAGE 15


  -------         ENDMOD        COMMUNICATION

  -------         MODULE        SYS
  C:0000H         SYMBOL        _ICE_DUMMY_
  D:00F1H         PUBLIC        ADR_H
  D:0080H         PUBLIC        P0
  D:0090H         PUBLIC        P1
  C:0F26H         PUBLIC        _Write_Dgus
  D:00F3H         PUBLIC        ADR_L
  D:0094H         PUBLIC        PAGESEL
  D:00F2H         PUBLIC        ADR_M
  B:00A8H.7       PUBLIC        EA
  D:00F8H         PUBLIC        RAMMODE
  D:00A8H         PUBLIC        IEN0
  D:00B8H         PUBLIC        IEN1
  D:009AH         PUBLIC        IEN2
  B:00F8H.4       PUBLIC        APP_ACK
  D:00F4H         PUBLIC        ADR_INC
  C:125BH         PUBLIC        sys_cpu_init
  C:0A13H         PUBLIC        _sys_read_vp
  D:0095H         PUBLIC        D_PAGESEL
  C:12E3H         PUBLIC        sys_timer2_init
  D:00F9H         PUBLIC        PORTDRV
  D:0088H         PUBLIC        TCON
  C:06E5H         PUBLIC        _sys_write_vp
  C:03A1H         PUBLIC        _Write_Dgusii_Vp_byChar
  D:00C9H         PUBLIC        MUX_SEL
  C:131FH         PUBLIC        sys_timer2_isr
  D:00A9H         PUBLIC        IP0
  D:00B9H         PUBLIC        IP1
  D:00FDH         PUBLIC        DATA0
  D:00FCH         PUBLIC        DATA1
  B:00C0H.6       PUBLIC        TF2
  D:00FBH         PUBLIC        DATA2
  D:0010H         SYMBOL        SysTick
  D:00FAH         PUBLIC        DATA3
  D:00CDH         PUBLIC        TH2
  D:00CCH         PUBLIC        TL2
  C:1201H         PUBLIC        _delay_ms
  B:00F8H.6       PUBLIC        APP_EN
  B:00D0H.3       PUBLIC        RS0
  B:00D0H.4       PUBLIC        RS1
  D:0093H         PUBLIC        DPC
  B:00C8H.0       PUBLIC        TR2
  C:122FH         PUBLIC        _delay_us
  D:0098H         PUBLIC        SCON0
  D:00C8H         PUBLIC        T2CON
  D:00CBH         PUBLIC        TRL2H
  D:008EH         PUBLIC        CKCON
  D:00CAH         PUBLIC        TRL2L
  C:1186H         PUBLIC        _Read_Dgus
  C:000EH         PUBLIC        sys_init
  D:00D0H         PUBLIC        PSW
  D:00C0H         PUBLIC        IRCON
  -------         PROC          SYS_CPU_INIT
  C:125BH         LINE#         7
  C:125BH         LINE#         8
BL51 BANKED LINKER/LOCATER V6.22                                                      08/25/2025  16:17:13  PAGE 16


  C:125BH         LINE#         9
  C:125DH         LINE#         10
  C:125FH         LINE#         11
  C:1261H         LINE#         13
  C:1264H         LINE#         14
  C:1267H         LINE#         15
  C:1269H         LINE#         16
  C:126CH         LINE#         17
  C:126FH         LINE#         18
  C:1271H         LINE#         19
  C:1273H         LINE#         20
  C:1276H         LINE#         21
  C:1278H         LINE#         22
  C:127AH         LINE#         23
  C:127CH         LINE#         24
  C:127EH         LINE#         25
  C:1280H         LINE#         27
  C:1283H         LINE#         28
  -------         ENDPROC       SYS_CPU_INIT
  -------         PROC          SYS_TIMER2_INIT
  C:12E3H         LINE#         31
  C:12E3H         LINE#         32
  C:12E3H         LINE#         33
  C:12E6H         LINE#         34
  C:12E9H         LINE#         35
  C:12EBH         LINE#         37
  C:12EEH         LINE#         38
  C:12F1H         LINE#         40
  C:12F4H         LINE#         41
  C:12F6H         LINE#         42
  C:12F8H         LINE#         43
  -------         ENDPROC       SYS_TIMER2_INIT
  -------         PROC          SYS_INIT
  C:000EH         LINE#         46
  C:000EH         LINE#         47
  C:000EH         LINE#         48
  C:0011H         LINE#         49
  -------         ENDPROC       SYS_INIT
  -------         PROC          _DELAY_MS
  D:0006H         SYMBOL        ms
  -------         DO            
  D:000CH         SYMBOL        mi
  D:000EH         SYMBOL        mj
  -------         ENDDO         
  C:1201H         LINE#         70
  C:1201H         LINE#         71
  C:1201H         LINE#         73
  C:120FH         LINE#         74
  C:122EH         LINE#         75
  -------         ENDPROC       _DELAY_MS
  -------         PROC          _DELAY_US
  D:0006H         SYMBOL        us
  -------         DO            
  D:0008H         SYMBOL        ui
  D:000AH         SYMBOL        uj
  -------         ENDDO         
  C:122FH         LINE#         77
BL51 BANKED LINKER/LOCATER V6.22                                                      08/25/2025  16:17:13  PAGE 17


  C:122FH         LINE#         78
  C:122FH         LINE#         80
  C:123DH         LINE#         81
  C:125AH         LINE#         82
  -------         ENDPROC       _DELAY_US
  -------         PROC          _READ_DGUS
  D:0004H         SYMBOL        Dgus_Addr
  -------         DO            
  D:0002H         SYMBOL        R_Dgus
  -------         ENDDO         
  C:1186H         LINE#         84
  C:118AH         LINE#         85
  C:118DH         LINE#         87
  C:118FH         LINE#         88
  C:1196H         LINE#         89
  C:119DH         LINE#         90
  C:11A0H         LINE#         91
  C:11A3H         LINE#         92
  C:11A5H         LINE#         93
  C:11A8H         LINE#         94
  C:11B4H         LINE#         95
  C:11C2H         LINE#         96
  C:11C5H         LINE#         98
  C:11C9H         LINE#         99
  -------         ENDPROC       _READ_DGUS
  -------         PROC          _WRITE_DGUS
  D:0002H         SYMBOL        Dgus_Addr
  D:0004H         SYMBOL        Val
  C:0F26H         LINE#         101
  C:0F2AH         LINE#         102
  C:0F2AH         LINE#         104
  C:0F2DH         LINE#         105
  C:0F34H         LINE#         106
  C:0F3BH         LINE#         107
  C:0F3EH         LINE#         108
  C:0F41H         LINE#         109
  C:0F43H         LINE#         110
  C:0F46H         LINE#         111
  C:0F49H         LINE#         112
  C:0F50H         LINE#         113
  C:0F57H         LINE#         114
  C:0F5AH         LINE#         115
  C:0F5DH         LINE#         116
  C:0F68H         LINE#         117
  C:0F6FH         LINE#         118
  C:0F71H         LINE#         119
  C:0F74H         LINE#         120
  C:0F77H         LINE#         122
  -------         ENDPROC       _WRITE_DGUS
  -------         PROC          _SYS_READ_VP
  D:0004H         SYMBOL        addr
  X:8C2BH         SYMBOL        buf
  X:8C2EH         SYMBOL        len
  -------         DO            
  D:0003H         SYMBOL        i
  -------         ENDDO         
  C:0A13H         LINE#         128
BL51 BANKED LINKER/LOCATER V6.22                                                      08/25/2025  16:17:13  PAGE 18


  C:0A22H         LINE#         129
  C:0A22H         LINE#         132
  C:0A26H         LINE#         133
  C:0A2DH         LINE#         134
  C:0A30H         LINE#         135
  C:0A33H         LINE#         136
  C:0A37H         LINE#         137
  C:0A3AH         LINE#         138
  C:0A3DH         LINE#         139
  C:0A40H         LINE#         140
  C:0A52H         LINE#         141
  C:0A52H         LINE#         142
  C:0A54H         LINE#         143
  C:0A57H         LINE#         144
  C:0A69H         LINE#         145
  C:0A69H         LINE#         146
  C:0A7EH         LINE#         147
  C:0A93H         LINE#         148
  C:0A95H         LINE#         149
  C:0AA3H         LINE#         150
  C:0AA3H         LINE#         151
  C:0AB6H         LINE#         152
  C:0AB6H         LINE#         153
  C:0ACBH         LINE#         154
  C:0AE0H         LINE#         155
  C:0AE2H         LINE#         156
  C:0AF0H         LINE#         157
  C:0AF0H         LINE#         158
  C:0AF3H         LINE#         159
  C:0AF6H         LINE#         160
  -------         ENDPROC       _SYS_READ_VP
  -------         PROC          _SYS_WRITE_VP
  D:0004H         SYMBOL        addr
  X:8C35H         SYMBOL        buf
  X:8C38H         SYMBOL        len
  -------         DO            
  D:0003H         SYMBOL        i
  -------         ENDDO         
  C:06E5H         LINE#         166
  C:06F4H         LINE#         167
  C:06F4H         LINE#         170
  C:06F8H         LINE#         171
  C:06FFH         LINE#         172
  C:0702H         LINE#         173
  C:0705H         LINE#         174
  C:0709H         LINE#         175
  C:070CH         LINE#         176
  C:070FH         LINE#         177
  C:0712H         LINE#         178
  C:0724H         LINE#         179
  C:0724H         LINE#         180
  C:0727H         LINE#         181
  C:073CH         LINE#         182
  C:0751H         LINE#         183
  C:0753H         LINE#         184
  C:0761H         LINE#         185
  C:0761H         LINE#         186
BL51 BANKED LINKER/LOCATER V6.22                                                      08/25/2025  16:17:13  PAGE 19


  C:0764H         LINE#         187
  C:0774H         LINE#         188
  C:0774H         LINE#         189
  C:0789H         LINE#         190
  C:079EH         LINE#         191
  C:07B3H         LINE#         192
  C:07C8H         LINE#         193
  C:07CAH         LINE#         194
  C:07D8H         LINE#         195
  C:07DAH         LINE#         196
  C:07DEH         LINE#         197
  C:07DEH         LINE#         198
  C:07E1H         LINE#         199
  C:07F6H         LINE#         200
  C:080BH         LINE#         201
  C:080DH         LINE#         202
  C:080DH         LINE#         203
  C:0810H         LINE#         204
  -------         ENDPROC       _SYS_WRITE_VP
  -------         PROC          _WRITE_DGUSII_VP_BYCHAR
  D:0004H         SYMBOL        addr
  X:8C2EH         SYMBOL        buf
  X:8C31H         SYMBOL        len
  -------         DO            
  D:0003H         SYMBOL        i
  -------         ENDDO         
  C:03A1H         LINE#         207
  C:03B0H         LINE#         208
  C:03B0H         LINE#         213
  C:03B4H         LINE#         214
  C:03BBH         LINE#         215
  C:03BEH         LINE#         216
  C:03C1H         LINE#         217
  C:03C5H         LINE#         218
  C:03C8H         LINE#         219
  C:03CBH         LINE#         220
  C:03CEH         LINE#         221
  C:03E1H         LINE#         222
  C:03E7H         LINE#         223
  C:03EAH         LINE#         224
  C:03FFH         LINE#         225
  C:0401H         LINE#         226
  C:0404H         LINE#         227
  C:040AH         LINE#         228
  C:040CH         LINE#         229
  C:040FH         LINE#         230
  C:0424H         LINE#         231
  C:0439H         LINE#         232
  C:043BH         LINE#         233
  C:043EH         LINE#         234
  C:044CH         LINE#         235
  C:044CH         LINE#         236
  C:044CH         LINE#         237
  C:044FH         LINE#         238
  C:045FH         LINE#         239
  C:0474H         LINE#         240
  C:0489H         LINE#         241
BL51 BANKED LINKER/LOCATER V6.22                                                      08/25/2025  16:17:13  PAGE 20


  C:049EH         LINE#         242
  C:04B3H         LINE#         243
  C:04B5H         LINE#         244
  C:04B8H         LINE#         245
  C:04C6H         LINE#         246
  C:04C8H         LINE#         248
  C:04CEH         LINE#         249
  C:04D1H         LINE#         250
  C:04E6H         LINE#         251
  C:04FBH         LINE#         252
  C:0510H         LINE#         253
  C:0512H         LINE#         254
  C:0524H         LINE#         256
  C:0527H         LINE#         257
  C:053CH         LINE#         258
  C:0551H         LINE#         259
  C:0553H         LINE#         260
  C:055EH         LINE#         262
  C:0561H         LINE#         263
  C:0576H         LINE#         264
  C:0578H         LINE#         265
  C:057BH         LINE#         266
  C:057BH         LINE#         267
  C:057EH         LINE#         269
  -------         ENDPROC       _WRITE_DGUSII_VP_BYCHAR
  -------         PROC          SYS_TIMER2_ISR
  C:131FH         LINE#         272
  C:1321H         LINE#         274
  C:1323H         LINE#         275
  C:132BH         LINE#         276
  C:132EH         LINE#         277
  -------         ENDPROC       SYS_TIMER2_ISR
  -------         ENDMOD        SYS

  -------         MODULE        MODBUS
  C:0000H         SYMBOL        _ICE_DUMMY_
  D:0080H         PUBLIC        P0
  D:0090H         PUBLIC        P1
  C:0E7AH         PUBLIC        Modbus_Event_Uart2
  C:0ED0H         PUBLIC        Modbus_Event_Uart4
  C:0E22H         PUBLIC        Modbus_Event_Uart5
  D:00F8H         PUBLIC        RAMMODE
  D:00A8H         PUBLIC        IEN0
  D:00B8H         PUBLIC        IEN1
  C:00D8H         PUBLIC        Modbus_Fun6
  D:0088H         PUBLIC        TCON
  D:00A7H         PUBLIC        SCON3T
  D:0098H         PUBLIC        SCON0
  D:00C8H         PUBLIC        T2CON
  C:0074H         PUBLIC        _MODBUS_CRC16
  D:00D0H         PUBLIC        PSW
  D:00C0H         PUBLIC        IRCON
  -------         PROC          MODBUS_EVENT_UART2
  -------         DO            
  D:0004H         SYMBOL        crc
  D:0006H         SYMBOL        rccrc
  -------         ENDDO         
BL51 BANKED LINKER/LOCATER V6.22                                                      08/25/2025  16:17:13  PAGE 21


  C:0E7AH         LINE#         3
  C:0E7AH         LINE#         4
  C:0E7AH         LINE#         5
  C:0E7DH         LINE#         8
  C:0E85H         LINE#         9
  C:0E85H         LINE#         11
  C:0E86H         LINE#         14
  C:0E94H         LINE#         15
  C:0EB2H         LINE#         18
  C:0EB7H         LINE#         21
  C:0EBFH         LINE#         22
  C:0EBFH         LINE#         25
  C:0EC6H         LINE#         26
  C:0EC6H         LINE#         27
  C:0ECCH         LINE#         28
  C:0ECCH         LINE#         29
  C:0ECCH         LINE#         30
  C:0ECFH         LINE#         31
  C:0ECFH         LINE#         33
  C:0ECFH         LINE#         34
  C:0ECFH         LINE#         35
  C:0ECFH         LINE#         36
  C:0ECFH         LINE#         37
  C:0ECFH         LINE#         38
  C:0ECFH         LINE#         39
  -------         ENDPROC       MODBUS_EVENT_UART2
  -------         PROC          MODBUS_EVENT_UART4
  -------         DO            
  D:0004H         SYMBOL        crc
  D:0006H         SYMBOL        rccrc
  -------         ENDDO         
  C:0ED0H         LINE#         41
  C:0ED0H         LINE#         42
  C:0ED0H         LINE#         43
  C:0ED3H         LINE#         46
  C:0EDBH         LINE#         47
  C:0EDBH         LINE#         49
  C:0EDCH         LINE#         52
  C:0EEAH         LINE#         53
  C:0F08H         LINE#         56
  C:0F0DH         LINE#         59
  C:0F15H         LINE#         60
  C:0F15H         LINE#         62
  C:0F1CH         LINE#         63
  C:0F1CH         LINE#         64
  C:0F22H         LINE#         65
  C:0F22H         LINE#         66
  C:0F22H         LINE#         67
  C:0F25H         LINE#         68
  C:0F25H         LINE#         70
  C:0F25H         LINE#         71
  C:0F25H         LINE#         72
  C:0F25H         LINE#         73
  C:0F25H         LINE#         74
  C:0F25H         LINE#         75
  C:0F25H         LINE#         76
  -------         ENDPROC       MODBUS_EVENT_UART4
BL51 BANKED LINKER/LOCATER V6.22                                                      08/25/2025  16:17:13  PAGE 22


  -------         PROC          MODBUS_EVENT_UART5
  -------         DO            
  D:0004H         SYMBOL        crc
  D:0006H         SYMBOL        rccrc
  -------         ENDDO         
  C:0E22H         LINE#         78
  C:0E22H         LINE#         79
  C:0E22H         LINE#         80
  C:0E25H         LINE#         83
  C:0E2DH         LINE#         84
  C:0E2DH         LINE#         86
  C:0E2EH         LINE#         89
  C:0E3EH         LINE#         90
  C:0E5CH         LINE#         93
  C:0E61H         LINE#         96
  C:0E69H         LINE#         97
  C:0E69H         LINE#         99
  C:0E70H         LINE#         100
  C:0E70H         LINE#         101
  C:0E76H         LINE#         102
  C:0E76H         LINE#         103
  C:0E76H         LINE#         104
  C:0E79H         LINE#         105
  C:0E79H         LINE#         107
  C:0E79H         LINE#         108
  C:0E79H         LINE#         109
  C:0E79H         LINE#         110
  C:0E79H         LINE#         111
  C:0E79H         LINE#         112
  C:0E79H         LINE#         113
  -------         ENDPROC       MODBUS_EVENT_UART5
  -------         PROC          MODBUS_FUN6
  C:00D8H         LINE#         115
  C:00D8H         LINE#         116
  C:00D8H         LINE#         133
  C:00DDH         LINE#         134
  C:00E0H         LINE#         135
  C:00E3H         LINE#         136
  C:00E6H         LINE#         137
  C:00E9H         LINE#         138
  C:00ECH         LINE#         140
  C:00EEH         LINE#         141
  C:00F3H         LINE#         143
  C:00F6H         LINE#         144
  -------         ENDPROC       MODBUS_FUN6
  C:0070H         SYMBOL        L?0036
  -------         PROC          L?0035
  -------         ENDPROC       L?0035
  C:0070H         SYMBOL        L?0036
  -------         PROC          _MODBUS_CRC16
  D:0001H         SYMBOL        buf
  X:8B19H         SYMBOL        length
  -------         DO            
  D:0005H         SYMBOL        i
  X:8B1AH         SYMBOL        crc16
  -------         ENDDO         
  C:0074H         LINE#         154
BL51 BANKED LINKER/LOCATER V6.22                                                      08/25/2025  16:17:13  PAGE 23


  C:0079H         LINE#         155
  C:0079H         LINE#         160
  C:007FH         LINE#         163
  C:007FH         LINE#         165
  C:008CH         LINE#         166
  C:008EH         LINE#         167
  C:008EH         LINE#         169
  C:0099H         LINE#         170
  C:0099H         LINE#         171
  C:00B0H         LINE#         172
  C:00B2H         LINE#         175
  C:00B2H         LINE#         176
  C:00BDH         LINE#         177
  C:00BDH         LINE#         178
  C:00C2H         LINE#         179
  C:00C9H         LINE#         180
  C:00D1H         LINE#         182
  C:00D7H         LINE#         183
  -------         ENDPROC       _MODBUS_CRC16
  -------         ENDMOD        MODBUS

  -------         MODULE        ?C?COPY
  C:01D3H         PUBLIC        ?C?COPY
  -------         ENDMOD        ?C?COPY

  -------         MODULE        ?C?CLDPTR
  C:01F9H         PUBLIC        ?C?CLDPTR
  -------         ENDMOD        ?C?CLDPTR

  -------         MODULE        ?C?CLDOPTR
  C:0212H         PUBLIC        ?C?CLDOPTR
  -------         ENDMOD        ?C?CLDOPTR

  -------         MODULE        ?C?CSTPTR
  C:023FH         PUBLIC        ?C?CSTPTR
  -------         ENDMOD        ?C?CSTPTR

  -------         MODULE        ?C?CSTOPTR
  C:0251H         PUBLIC        ?C?CSTOPTR
  -------         ENDMOD        ?C?CSTOPTR

  -------         MODULE        ?C?ILDIX
  C:0273H         PUBLIC        ?C?ILDIX
  -------         ENDMOD        ?C?ILDIX

  -------         MODULE        ?C?ILDPTR
  C:0289H         PUBLIC        ?C?ILDPTR
  -------         ENDMOD        ?C?ILDPTR

  -------         MODULE        ?C?ULDIV
  C:02F0H         PUBLIC        ?C?ULDIV
  -------         ENDMOD        ?C?ULDIV

  -------         MODULE        ?C?ULSHR
  C:0382H         PUBLIC        ?C?ULSHR
  -------         ENDMOD        ?C?ULSHR

BL51 BANKED LINKER/LOCATER V6.22                                                      08/25/2025  16:17:13  PAGE 24


  -------         MODULE        ?C?LSTXDATA
  C:0395H         PUBLIC        ?C?LSTXDATA
  -------         ENDMOD        ?C?LSTXDATA

*** WARNING L16: UNCALLED SEGMENT, IGNORED FOR OVERLAY PROCESS
    SEGMENT: ?PR?_DELAY_US?SYS

*** WARNING L16: UNCALLED SEGMENT, IGNORED FOR OVERLAY PROCESS
    SEGMENT: ?PR?_READ_DGUS?SYS

*** WARNING L16: UNCALLED SEGMENT, IGNORED FOR OVERLAY PROCESS
    SEGMENT: ?PR?_SYS_WRITE_VP?SYS

Program Size: data=20.0 xdata=3130 code=4898
LINK/LOCATE RUN COMPLETE.  3 WARNING(S),  0 ERROR(S)
