C51 COMPILER V9.52.0.0   MAIN                                                              08/22/2025 16:45:04 PAGE 1   


C51 COMPILER V9.52.0.0, COMPILATION OF MODULE MAIN
OBJECT MODULE PLACED IN ..\Output\main.obj
COMPILER INVOKED BY: D:\APP\KEIL_V5\MDK\C51\BIN\C51.EXE main.c LARGE OMF2 OPTIMIZE(3,SIZE) BROWSE INCDIR(..\USER;..\HAND
                    -WARE) DEBUG PRINT(.\Listings\main.lst) TABS(2) OBJECT(..\Output\main.obj)

line level    source

   1          #include "sys.h"
   2          #include "uart.h"
   3          
   4          
   5          void main()
   6          {
   7   1        sys_init();
   8   1        Uart2_Init(115200);
   9   1        Uart2_Send_Statu_Init();
  10   1        Tim0_Init();
  11   1        Tim1_Init();
  12   1        p_flag = 0;
  13   1        P1MDOUT |= 0x80;
  14   1        PORTDRV = 0X01;
  15   1        LED = 0;
  16   1        while(1)
  17   1        {
  18   2          Modbus_Event();
  19   2        }
  20   1      }


MODULE INFORMATION:   STATIC OVERLAYABLE
   CODE SIZE        =     42    ----
   CONSTANT SIZE    =   ----    ----
   XDATA SIZE       =   ----    ----
   PDATA SIZE       =   ----    ----
   DATA SIZE        =   ----    ----
   IDATA SIZE       =   ----    ----
   BIT SIZE         =   ----    ----
   EDATA SIZE       =   ----    ----
   HDATA SIZE       =   ----    ----
   XDATA CONST SIZE =   ----    ----
   FAR CONST SIZE   =   ----    ----
END OF MODULE INFORMATION.


C51 COMPILATION COMPLETE.  0 WARNING(S),  0 ERROR(S)
